Copyright 1986-2022 Xilinx, Inc. All Rights Reserved. Copyright 2022-2023 Advanced Micro Devices, Inc. All Rights Reserved.
--------------------------------------------------------------------------------------------------------------------------------------------------------------------
| Tool Version : Vivado v.2023.2 (lin64) Build 4029153 Fri Oct 13 20:13:54 MDT 2023
| Date         : Fri May 15 14:15:49 2026
| Host         : paketpc running 64-bit Ubuntu 22.04.5 LTS
| Command      : report_methodology -file system_top_methodology_drc_routed.rpt -pb system_top_methodology_drc_routed.pb -rpx system_top_methodology_drc_routed.rpx
| Design       : system_top
| Device       : xc7z010clg400-1
| Speed File   : -1
| Design State : Fully Routed
--------------------------------------------------------------------------------------------------------------------------------------------------------------------

Report Methodology

Table of Contents
-----------------
1. REPORT SUMMARY
2. REPORT DETAILS

1. REPORT SUMMARY
-----------------
            Netlist: netlist
          Floorplan: design_1
      Design limits: <entire design considered>
             Max violations: <unlimited>
             Violations found: 81
+-----------+------------------+-------------------------------------------------------------------------------------+------------+
| Rule      | Severity         | Description                                                                         | Violations |
+-----------+------------------+-------------------------------------------------------------------------------------+------------+
| TIMING-54 | Critical Warning | Scoped false path, clock group or max delay datapath only constraint between clocks | 5          |
| TIMING-9  | Warning          | Unknown CDC Logic                                                                   | 1          |
| TIMING-10 | Warning          | Missing property on synchronizer                                                    | 1          |
| TIMING-18 | Warning          | Missing input or output delay                                                       | 36         |
| TIMING-24 | Warning          | Overridden Max delay datapath only                                                  | 25         |
| ULMTCS-1  | Warning          | Control Sets use limits recommend reduction                                         | 1          |
| XDCB-5    | Warning          | Runtime inefficient way to find pin objects                                         | 4          |
| XDCC-1    | Warning          | Scoped Clock constraint overwritten with the same name                              | 2          |
| XDCC-7    | Warning          | Scoped Clock constraint overwritten on the same source                              | 2          |
| RTGT-1    | Advisory         | RAM retargeting possibility                                                         | 4          |
+-----------+------------------+-------------------------------------------------------------------------------------+------------+

2. REPORT DETAILS
-----------------
TIMING-54#1 Critical Warning
Scoped false path, clock group or max delay datapath only constraint between clocks  
A scoped Max Delay Datapath Only timing constraint is set between clocks clk_fpga_0 and rx_clk (see constraint position 40 in the Timing Constraint window in Vivado IDE). It is not recommended to define such scoped constraints between clocks as the constraint impacts timing paths outside of the scope.
Related violations: <none>

TIMING-54#2 Critical Warning
Scoped false path, clock group or max delay datapath only constraint between clocks  
A scoped Max Delay Datapath Only timing constraint is set between clocks clk_fpga_0 and rx_clk (see constraint position 44 in the Timing Constraint window in Vivado IDE). It is not recommended to define such scoped constraints between clocks as the constraint impacts timing paths outside of the scope.
Related violations: <none>

TIMING-54#3 Critical Warning
Scoped false path, clock group or max delay datapath only constraint between clocks  
A scoped Max Delay Datapath Only timing constraint is set between clocks clk_fpga_0 and rx_clk (see constraint position 59 in the Timing Constraint window in Vivado IDE). It is not recommended to define such scoped constraints between clocks as the constraint impacts timing paths outside of the scope.
Related violations: <none>

TIMING-54#4 Critical Warning
Scoped false path, clock group or max delay datapath only constraint between clocks  
A scoped Max Delay Datapath Only timing constraint is set between clocks rx_clk and clk_fpga_0 (see constraint position 62 in the Timing Constraint window in Vivado IDE). It is not recommended to define such scoped constraints between clocks as the constraint impacts timing paths outside of the scope.
Related violations: <none>

TIMING-54#5 Critical Warning
Scoped false path, clock group or max delay datapath only constraint between clocks  
A scoped Max Delay Datapath Only timing constraint is set between clocks rx_clk and clk_fpga_0 (see constraint position 69 in the Timing Constraint window in Vivado IDE). It is not recommended to define such scoped constraints between clocks as the constraint impacts timing paths outside of the scope.
Related violations: <none>

TIMING-9#1 Warning
Unknown CDC Logic  
One or more asynchronous Clock Domain Crossing has been detected between 2 clock domains through a set_false_path or a set_clock_groups or set_max_delay -datapath_only constraint but no double-registers logic synchronizer has been found on the side of the capture clock. It is recommended to run report_cdc for a complete and detailed CDC coverage. Please consider using XPM_CDC to avoid Critical severities
Related violations: <none>

TIMING-10#1 Warning
Missing property on synchronizer  
One or more logic synchronizer has been detected between 2 clock domains but the synchronizer does not have the property ASYNC_REG defined on one or both registers. It is recommended to run report_cdc for a complete and detailed CDC coverage
Related violations: <none>

TIMING-18#1 Warning
Missing input or output delay  
An input delay is missing on pl_gpio1 relative to the rising and/or falling clock edge(s) of clk_fpga_0, rx_clk.
Related violations: <none>

TIMING-18#2 Warning
Missing input or output delay  
An input delay is missing on pl_gpio3 relative to the rising and/or falling clock edge(s) of clk_fpga_0.
Related violations: <none>

TIMING-18#3 Warning
Missing input or output delay  
An input delay is missing on pl_gpio4 relative to the rising and/or falling clock edge(s) of clk_fpga_0.
Related violations: <none>

TIMING-18#4 Warning
Missing input or output delay  
An input delay is missing on rx_data_in[0] relative to the rising and/or falling clock edge(s) of rx_clk.
Related violations: <none>

TIMING-18#5 Warning
Missing input or output delay  
An input delay is missing on rx_data_in[10] relative to the rising and/or falling clock edge(s) of rx_clk.
Related violations: <none>

TIMING-18#6 Warning
Missing input or output delay  
An input delay is missing on rx_data_in[11] relative to the rising and/or falling clock edge(s) of rx_clk.
Related violations: <none>

TIMING-18#7 Warning
Missing input or output delay  
An input delay is missing on rx_data_in[1] relative to the rising and/or falling clock edge(s) of rx_clk.
Related violations: <none>

TIMING-18#8 Warning
Missing input or output delay  
An input delay is missing on rx_data_in[2] relative to the rising and/or falling clock edge(s) of rx_clk.
Related violations: <none>

TIMING-18#9 Warning
Missing input or output delay  
An input delay is missing on rx_data_in[3] relative to the rising and/or falling clock edge(s) of rx_clk.
Related violations: <none>

TIMING-18#10 Warning
Missing input or output delay  
An input delay is missing on rx_data_in[4] relative to the rising and/or falling clock edge(s) of rx_clk.
Related violations: <none>

TIMING-18#11 Warning
Missing input or output delay  
An input delay is missing on rx_data_in[5] relative to the rising and/or falling clock edge(s) of rx_clk.
Related violations: <none>

TIMING-18#12 Warning
Missing input or output delay  
An input delay is missing on rx_data_in[6] relative to the rising and/or falling clock edge(s) of rx_clk.
Related violations: <none>

TIMING-18#13 Warning
Missing input or output delay  
An input delay is missing on rx_data_in[7] relative to the rising and/or falling clock edge(s) of rx_clk.
Related violations: <none>

TIMING-18#14 Warning
Missing input or output delay  
An input delay is missing on rx_data_in[8] relative to the rising and/or falling clock edge(s) of rx_clk.
Related violations: <none>

TIMING-18#15 Warning
Missing input or output delay  
An input delay is missing on rx_data_in[9] relative to the rising and/or falling clock edge(s) of rx_clk.
Related violations: <none>

TIMING-18#16 Warning
Missing input or output delay  
An input delay is missing on rx_frame_in relative to the rising and/or falling clock edge(s) of rx_clk.
Related violations: <none>

TIMING-18#17 Warning
Missing input or output delay  
An output delay is missing on enable relative to the rising and/or falling clock edge(s) of rx_clk.
Related violations: <none>

TIMING-18#18 Warning
Missing input or output delay  
An output delay is missing on pl_gpio0 relative to the rising and/or falling clock edge(s) of clk_fpga_0, rx_clk.
Related violations: <none>

TIMING-18#19 Warning
Missing input or output delay  
An output delay is missing on pl_gpio2 relative to the rising and/or falling clock edge(s) of clk_fpga_0.
Related violations: <none>

TIMING-18#20 Warning
Missing input or output delay  
An output delay is missing on pl_gpio3 relative to the rising and/or falling clock edge(s) of clk_fpga_0.
Related violations: <none>

TIMING-18#21 Warning
Missing input or output delay  
An output delay is missing on pl_gpio4 relative to the rising and/or falling clock edge(s) of clk_fpga_0.
Related violations: <none>

TIMING-18#22 Warning
Missing input or output delay  
An output delay is missing on tx_clk_out relative to the rising and/or falling clock edge(s) of rx_clk.
Related violations: <none>

TIMING-18#23 Warning
Missing input or output delay  
An output delay is missing on tx_data_out[0] relative to the rising and/or falling clock edge(s) of rx_clk.
Related violations: <none>

TIMING-18#24 Warning
Missing input or output delay  
An output delay is missing on tx_data_out[10] relative to the rising and/or falling clock edge(s) of rx_clk.
Related violations: <none>

TIMING-18#25 Warning
Missing input or output delay  
An output delay is missing on tx_data_out[11] relative to the rising and/or falling clock edge(s) of rx_clk.
Related violations: <none>

TIMING-18#26 Warning
Missing input or output delay  
An output delay is missing on tx_data_out[1] relative to the rising and/or falling clock edge(s) of rx_clk.
Related violations: <none>

TIMING-18#27 Warning
Missing input or output delay  
An output delay is missing on tx_data_out[2] relative to the rising and/or falling clock edge(s) of rx_clk.
Related violations: <none>

TIMING-18#28 Warning
Missing input or output delay  
An output delay is missing on tx_data_out[3] relative to the rising and/or falling clock edge(s) of rx_clk.
Related violations: <none>

TIMING-18#29 Warning
Missing input or output delay  
An output delay is missing on tx_data_out[4] relative to the rising and/or falling clock edge(s) of rx_clk.
Related violations: <none>

TIMING-18#30 Warning
Missing input or output delay  
An output delay is missing on tx_data_out[5] relative to the rising and/or falling clock edge(s) of rx_clk.
Related violations: <none>

TIMING-18#31 Warning
Missing input or output delay  
An output delay is missing on tx_data_out[6] relative to the rising and/or falling clock edge(s) of rx_clk.
Related violations: <none>

TIMING-18#32 Warning
Missing input or output delay  
An output delay is missing on tx_data_out[7] relative to the rising and/or falling clock edge(s) of rx_clk.
Related violations: <none>

TIMING-18#33 Warning
Missing input or output delay  
An output delay is missing on tx_data_out[8] relative to the rising and/or falling clock edge(s) of rx_clk.
Related violations: <none>

TIMING-18#34 Warning
Missing input or output delay  
An output delay is missing on tx_data_out[9] relative to the rising and/or falling clock edge(s) of rx_clk.
Related violations: <none>

TIMING-18#35 Warning
Missing input or output delay  
An output delay is missing on tx_frame_out relative to the rising and/or falling clock edge(s) of rx_clk.
Related violations: <none>

TIMING-18#36 Warning
Missing input or output delay  
An output delay is missing on txnrx relative to the rising and/or falling clock edge(s) of rx_clk.
Related violations: <none>

TIMING-24#1 Warning
Overridden Max delay datapath only  
An asynchronous set_clock_groups or a set_false path (see constraint position 28 in the Timing Constraints window in Vivado IDE) between clocks rx_clk and clk_fpga_0 overrides a set_max_delay -datapath_only (position 32). It is not recommended to override a set_max_delay -datapath_only constraint. Replace the set_clock_groups or set_false_path between clocks with point-to-point set_false_path constraints
Related violations: <none>

TIMING-24#2 Warning
Overridden Max delay datapath only  
An asynchronous set_clock_groups or a set_false path (see constraint position 28 in the Timing Constraints window in Vivado IDE) between clocks rx_clk and clk_fpga_0 overrides a set_max_delay -datapath_only (position 35). It is not recommended to override a set_max_delay -datapath_only constraint. Replace the set_clock_groups or set_false_path between clocks with point-to-point set_false_path constraints
Related violations: <none>

TIMING-24#3 Warning
Overridden Max delay datapath only  
An asynchronous set_clock_groups or a set_false path (see constraint position 28 in the Timing Constraints window in Vivado IDE) between clocks rx_clk and clk_fpga_0 overrides a set_max_delay -datapath_only (position 37). It is not recommended to override a set_max_delay -datapath_only constraint. Replace the set_clock_groups or set_false_path between clocks with point-to-point set_false_path constraints
Related violations: <none>

TIMING-24#4 Warning
Overridden Max delay datapath only  
An asynchronous set_clock_groups or a set_false path (see constraint position 28 in the Timing Constraints window in Vivado IDE) between clocks rx_clk and clk_fpga_0 overrides a set_max_delay -datapath_only (position 39). It is not recommended to override a set_max_delay -datapath_only constraint. Replace the set_clock_groups or set_false_path between clocks with point-to-point set_false_path constraints
Related violations: <none>

TIMING-24#5 Warning
Overridden Max delay datapath only  
An asynchronous set_clock_groups or a set_false path (see constraint position 28 in the Timing Constraints window in Vivado IDE) between clocks rx_clk and clk_fpga_0 overrides a set_max_delay -datapath_only (position 42). It is not recommended to override a set_max_delay -datapath_only constraint. Replace the set_clock_groups or set_false_path between clocks with point-to-point set_false_path constraints
Related violations: <none>

TIMING-24#6 Warning
Overridden Max delay datapath only  
An asynchronous set_clock_groups or a set_false path (see constraint position 28 in the Timing Constraints window in Vivado IDE) between clocks rx_clk and clk_fpga_0 overrides a set_max_delay -datapath_only (position 57). It is not recommended to override a set_max_delay -datapath_only constraint. Replace the set_clock_groups or set_false_path between clocks with point-to-point set_false_path constraints
Related violations: <none>

TIMING-24#7 Warning
Overridden Max delay datapath only  
An asynchronous set_clock_groups or a set_false path (see constraint position 28 in the Timing Constraints window in Vivado IDE) between clocks rx_clk and clk_fpga_0 overrides a set_max_delay -datapath_only (position 60). It is not recommended to override a set_max_delay -datapath_only constraint. Replace the set_clock_groups or set_false_path between clocks with point-to-point set_false_path constraints
Related violations: <none>

TIMING-24#8 Warning
Overridden Max delay datapath only  
An asynchronous set_clock_groups or a set_false path (see constraint position 28 in the Timing Constraints window in Vivado IDE) between clocks rx_clk and clk_fpga_0 overrides a set_max_delay -datapath_only (position 62). It is not recommended to override a set_max_delay -datapath_only constraint. Replace the set_clock_groups or set_false_path between clocks with point-to-point set_false_path constraints
Related violations: <none>

TIMING-24#9 Warning
Overridden Max delay datapath only  
An asynchronous set_clock_groups or a set_false path (see constraint position 28 in the Timing Constraints window in Vivado IDE) between clocks rx_clk and clk_fpga_0 overrides a set_max_delay -datapath_only (position 63). It is not recommended to override a set_max_delay -datapath_only constraint. Replace the set_clock_groups or set_false_path between clocks with point-to-point set_false_path constraints
Related violations: <none>

TIMING-24#10 Warning
Overridden Max delay datapath only  
An asynchronous set_clock_groups or a set_false path (see constraint position 28 in the Timing Constraints window in Vivado IDE) between clocks rx_clk and clk_fpga_0 overrides a set_max_delay -datapath_only (position 65). It is not recommended to override a set_max_delay -datapath_only constraint. Replace the set_clock_groups or set_false_path between clocks with point-to-point set_false_path constraints
Related violations: <none>

TIMING-24#11 Warning
Overridden Max delay datapath only  
An asynchronous set_clock_groups or a set_false path (see constraint position 28 in the Timing Constraints window in Vivado IDE) between clocks rx_clk and clk_fpga_0 overrides a set_max_delay -datapath_only (position 66). It is not recommended to override a set_max_delay -datapath_only constraint. Replace the set_clock_groups or set_false_path between clocks with point-to-point set_false_path constraints
Related violations: <none>

TIMING-24#12 Warning
Overridden Max delay datapath only  
An asynchronous set_clock_groups or a set_false path (see constraint position 28 in the Timing Constraints window in Vivado IDE) between clocks rx_clk and clk_fpga_0 overrides a set_max_delay -datapath_only (position 68). It is not recommended to override a set_max_delay -datapath_only constraint. Replace the set_clock_groups or set_false_path between clocks with point-to-point set_false_path constraints
Related violations: <none>

TIMING-24#13 Warning
Overridden Max delay datapath only  
An asynchronous set_clock_groups or a set_false path (see constraint position 28 in the Timing Constraints window in Vivado IDE) between clocks rx_clk and clk_fpga_0 overrides a set_max_delay -datapath_only (position 69). It is not recommended to override a set_max_delay -datapath_only constraint. Replace the set_clock_groups or set_false_path between clocks with point-to-point set_false_path constraints
Related violations: <none>

TIMING-24#14 Warning
Overridden Max delay datapath only  
An asynchronous set_clock_groups or a set_false path (see constraint position 29 in the Timing Constraints window in Vivado IDE) between clocks clk_fpga_0 and rx_clk overrides a set_max_delay -datapath_only (position 36). It is not recommended to override a set_max_delay -datapath_only constraint. Replace the set_clock_groups or set_false_path between clocks with point-to-point set_false_path constraints
Related violations: <none>

TIMING-24#15 Warning
Overridden Max delay datapath only  
An asynchronous set_clock_groups or a set_false path (see constraint position 29 in the Timing Constraints window in Vivado IDE) between clocks clk_fpga_0 and rx_clk overrides a set_max_delay -datapath_only (position 38). It is not recommended to override a set_max_delay -datapath_only constraint. Replace the set_clock_groups or set_false_path between clocks with point-to-point set_false_path constraints
Related violations: <none>

TIMING-24#16 Warning
Overridden Max delay datapath only  
An asynchronous set_clock_groups or a set_false path (see constraint position 29 in the Timing Constraints window in Vivado IDE) between clocks clk_fpga_0 and rx_clk overrides a set_max_delay -datapath_only (position 40). It is not recommended to override a set_max_delay -datapath_only constraint. Replace the set_clock_groups or set_false_path between clocks with point-to-point set_false_path constraints
Related violations: <none>

TIMING-24#17 Warning
Overridden Max delay datapath only  
An asynchronous set_clock_groups or a set_false path (see constraint position 29 in the Timing Constraints window in Vivado IDE) between clocks clk_fpga_0 and rx_clk overrides a set_max_delay -datapath_only (position 41). It is not recommended to override a set_max_delay -datapath_only constraint. Replace the set_clock_groups or set_false_path between clocks with point-to-point set_false_path constraints
Related violations: <none>

TIMING-24#18 Warning
Overridden Max delay datapath only  
An asynchronous set_clock_groups or a set_false path (see constraint position 29 in the Timing Constraints window in Vivado IDE) between clocks clk_fpga_0 and rx_clk overrides a set_max_delay -datapath_only (position 44). It is not recommended to override a set_max_delay -datapath_only constraint. Replace the set_clock_groups or set_false_path between clocks with point-to-point set_false_path constraints
Related violations: <none>

TIMING-24#19 Warning
Overridden Max delay datapath only  
An asynchronous set_clock_groups or a set_false path (see constraint position 29 in the Timing Constraints window in Vivado IDE) between clocks clk_fpga_0 and rx_clk overrides a set_max_delay -datapath_only (position 53). It is not recommended to override a set_max_delay -datapath_only constraint. Replace the set_clock_groups or set_false_path between clocks with point-to-point set_false_path constraints
Related violations: <none>

TIMING-24#20 Warning
Overridden Max delay datapath only  
An asynchronous set_clock_groups or a set_false path (see constraint position 29 in the Timing Constraints window in Vivado IDE) between clocks clk_fpga_0 and rx_clk overrides a set_max_delay -datapath_only (position 56). It is not recommended to override a set_max_delay -datapath_only constraint. Replace the set_clock_groups or set_false_path between clocks with point-to-point set_false_path constraints
Related violations: <none>

TIMING-24#21 Warning
Overridden Max delay datapath only  
An asynchronous set_clock_groups or a set_false path (see constraint position 29 in the Timing Constraints window in Vivado IDE) between clocks clk_fpga_0 and rx_clk overrides a set_max_delay -datapath_only (position 58). It is not recommended to override a set_max_delay -datapath_only constraint. Replace the set_clock_groups or set_false_path between clocks with point-to-point set_false_path constraints
Related violations: <none>

TIMING-24#22 Warning
Overridden Max delay datapath only  
An asynchronous set_clock_groups or a set_false path (see constraint position 29 in the Timing Constraints window in Vivado IDE) between clocks clk_fpga_0 and rx_clk overrides a set_max_delay -datapath_only (position 59). It is not recommended to override a set_max_delay -datapath_only constraint. Replace the set_clock_groups or set_false_path between clocks with point-to-point set_false_path constraints
Related violations: <none>

TIMING-24#23 Warning
Overridden Max delay datapath only  
An asynchronous set_clock_groups or a set_false path (see constraint position 29 in the Timing Constraints window in Vivado IDE) between clocks clk_fpga_0 and rx_clk overrides a set_max_delay -datapath_only (position 61). It is not recommended to override a set_max_delay -datapath_only constraint. Replace the set_clock_groups or set_false_path between clocks with point-to-point set_false_path constraints
Related violations: <none>

TIMING-24#24 Warning
Overridden Max delay datapath only  
An asynchronous set_clock_groups or a set_false path (see constraint position 29 in the Timing Constraints window in Vivado IDE) between clocks clk_fpga_0 and rx_clk overrides a set_max_delay -datapath_only (position 64). It is not recommended to override a set_max_delay -datapath_only constraint. Replace the set_clock_groups or set_false_path between clocks with point-to-point set_false_path constraints
Related violations: <none>

TIMING-24#25 Warning
Overridden Max delay datapath only  
An asynchronous set_clock_groups or a set_false path (see constraint position 29 in the Timing Constraints window in Vivado IDE) between clocks clk_fpga_0 and rx_clk overrides a set_max_delay -datapath_only (position 67). It is not recommended to override a set_max_delay -datapath_only constraint. Replace the set_clock_groups or set_false_path between clocks with point-to-point set_false_path constraints
Related violations: <none>

ULMTCS-1#1 Warning
Control Sets use limits recommend reduction  
This design uses 486 control sets (vs. available limit of 4400, determined by 1 control set per CLB). This exceeds the control set use guideline of 7.5 percent. This is at a level where reduction is RECOMMENDED (see UG949). Use report_control_sets to get more details.
Related violations: <none>

XDCB-5#1 Warning
Runtime inefficient way to find pin objects  
The option '-to : [get_pins -quiet -hier *reset_sync_in_reg*/PRE -filter {NAME =~ *i_reset_manager*}]' of constraint 'set_false_path' uses inefficient query to find pin objects (see constraint position '47' in the Timing Constraint window in Vivado IDE). To reduce runtime, it is recommended to get the pins through the cell objects. Please refer to Using Constraints Guide (Constraints Efficiency). An example of optimal query is: get_pins -filter {REF_PIN_NAME=~yy*} -of_objects [get_cells -hierarchical xx*].
Current XDC: /home/paket/Desktop/vitis/Read_the_docs/project_files/project1/fir128/projbckup/fullwork225/fullwork225.gen/sources_1/bd/system/ip/system_axi_ad9361_dac_dma_0/system_axi_ad9361_dac_dma_0_constr.xdc (Line: 132)
Related violations: <none>

XDCB-5#2 Warning
Runtime inefficient way to find pin objects  
The option '-to : [get_pins -quiet -hier *reset_sync_in_reg*/PRE -filter {NAME =~ *i_reset_manager*}]' of constraint 'set_false_path' uses inefficient query to find pin objects (see constraint position '48' in the Timing Constraint window in Vivado IDE). To reduce runtime, it is recommended to get the pins through the cell objects. Please refer to Using Constraints Guide (Constraints Efficiency). An example of optimal query is: get_pins -filter {REF_PIN_NAME=~yy*} -of_objects [get_cells -hierarchical xx*].
Current XDC: /home/paket/Desktop/vitis/Read_the_docs/project_files/project1/fir128/projbckup/fullwork225/fullwork225.gen/sources_1/bd/system/ip/system_axi_ad9361_dac_dma_0/system_axi_ad9361_dac_dma_0_constr.xdc (Line: 138)
Related violations: <none>

XDCB-5#3 Warning
Runtime inefficient way to find pin objects  
The option '-to : [get_pins -quiet -hier *reset_sync_in_reg*/PRE -filter {NAME =~ *i_reset_manager*}]' of constraint 'set_false_path' uses inefficient query to find pin objects (see constraint position '72' in the Timing Constraint window in Vivado IDE). To reduce runtime, it is recommended to get the pins through the cell objects. Please refer to Using Constraints Guide (Constraints Efficiency). An example of optimal query is: get_pins -filter {REF_PIN_NAME=~yy*} -of_objects [get_cells -hierarchical xx*].
Current XDC: /home/paket/Desktop/vitis/Read_the_docs/project_files/project1/fir128/projbckup/fullwork225/fullwork225.gen/sources_1/bd/system/ip/system_axi_ad9361_adc_dma_0/system_axi_ad9361_adc_dma_0_constr.xdc (Line: 167)
Related violations: <none>

XDCB-5#4 Warning
Runtime inefficient way to find pin objects  
The option '-to : [get_pins -quiet -hier *reset_sync_in_reg*/PRE -filter {NAME =~ *i_reset_manager*}]' of constraint 'set_false_path' uses inefficient query to find pin objects (see constraint position '73' in the Timing Constraint window in Vivado IDE). To reduce runtime, it is recommended to get the pins through the cell objects. Please refer to Using Constraints Guide (Constraints Efficiency). An example of optimal query is: get_pins -filter {REF_PIN_NAME=~yy*} -of_objects [get_cells -hierarchical xx*].
Current XDC: /home/paket/Desktop/vitis/Read_the_docs/project_files/project1/fir128/projbckup/fullwork225/fullwork225.gen/sources_1/bd/system/ip/system_axi_ad9361_adc_dma_0/system_axi_ad9361_adc_dma_0_constr.xdc (Line: 173)
Related violations: <none>

XDCC-1#1 Warning
Scoped Clock constraint overwritten with the same name  
A new clock constraint create_clock overrides a previous scoped clock constraint with the same name. It is not recommended to override a scoped (typically an IP) clock constraint and could result in unexpected behaviors.
New: create_clock -period 10.000 -name clk_fpga_0 [get_pins {i_system_wrapper/system_i/sys_ps7/inst/PS7_i/FCLKCLK[0]}] (Source: /home/paket/Desktop/vitis/Read_the_docs/project_files/project1/fir128/hdl/projects/pluto/system_constr.xdc (Line: 48))
Previous: create_clock -period 10.000 -name clk_fpga_0 [get_pins {PS7_i/FCLKCLK[0]}] (Source: /home/paket/Desktop/vitis/Read_the_docs/project_files/project1/fir128/projbckup/fullwork225/fullwork225.gen/sources_1/bd/system/ip/system_sys_ps7_0/system_sys_ps7_0.xdc (Line: 20))
Related violations: <none>

XDCC-1#2 Warning
Scoped Clock constraint overwritten with the same name  
A new clock constraint create_clock overrides a previous scoped clock constraint with the same name. It is not recommended to override a scoped (typically an IP) clock constraint and could result in unexpected behaviors.
New: create_clock -period 5.000 -name clk_fpga_1 [get_pins {i_system_wrapper/system_i/sys_ps7/inst/PS7_i/FCLKCLK[1]}] (Source: /home/paket/Desktop/vitis/Read_the_docs/project_files/project1/fir128/hdl/projects/pluto/system_constr.xdc (Line: 49))
Previous: create_clock -period 5.000 -name clk_fpga_1 [get_pins {PS7_i/FCLKCLK[1]}] (Source: /home/paket/Desktop/vitis/Read_the_docs/project_files/project1/fir128/projbckup/fullwork225/fullwork225.gen/sources_1/bd/system/ip/system_sys_ps7_0/system_sys_ps7_0.xdc (Line: 23))
Related violations: <none>

XDCC-7#1 Warning
Scoped Clock constraint overwritten on the same source  
A new clock constraint create_clock overrides a previous scoped clock constraint defined on the same source. It is not recommended to override a scoped (typically an IP) clock constraint and could result in unexpected behaviors.
New: create_clock -period 10.000 -name clk_fpga_0 [get_pins {i_system_wrapper/system_i/sys_ps7/inst/PS7_i/FCLKCLK[0]}] (Source: /home/paket/Desktop/vitis/Read_the_docs/project_files/project1/fir128/hdl/projects/pluto/system_constr.xdc (Line: 48))
Previous: create_clock -period 10.000 -name clk_fpga_0 [get_pins {PS7_i/FCLKCLK[0]}] (Source: /home/paket/Desktop/vitis/Read_the_docs/project_files/project1/fir128/projbckup/fullwork225/fullwork225.gen/sources_1/bd/system/ip/system_sys_ps7_0/system_sys_ps7_0.xdc (Line: 20))
Related violations: <none>

XDCC-7#2 Warning
Scoped Clock constraint overwritten on the same source  
A new clock constraint create_clock overrides a previous scoped clock constraint defined on the same source. It is not recommended to override a scoped (typically an IP) clock constraint and could result in unexpected behaviors.
New: create_clock -period 5.000 -name clk_fpga_1 [get_pins {i_system_wrapper/system_i/sys_ps7/inst/PS7_i/FCLKCLK[1]}] (Source: /home/paket/Desktop/vitis/Read_the_docs/project_files/project1/fir128/hdl/projects/pluto/system_constr.xdc (Line: 49))
Previous: create_clock -period 5.000 -name clk_fpga_1 [get_pins {PS7_i/FCLKCLK[1]}] (Source: /home/paket/Desktop/vitis/Read_the_docs/project_files/project1/fir128/projbckup/fullwork225/fullwork225.gen/sources_1/bd/system/ip/system_sys_ps7_0/system_sys_ps7_0.xdc (Line: 23))
Related violations: <none>

RTGT-1#1 Advisory
RAM retargeting possibility  
Identified 12 RAM32X1D primitives that could be retargeted to RAM32M. Retargeting will save approximately 4 memory LUTs and improve routability. These can usually be achieved using synthesis inference or XPMs. The memories are i_system_wrapper/system_i/rx_fir_decimator/fir_decimation_0/U0/i_synth/g_polyphase_decimation.i_polyphase_decimation/g_parallel.g_paths[0].g_symmetric.i_data_wrap_buff/i_phase_mem/gen_dram.ram_reg_0_15_0_0,
i_system_wrapper/system_i/rx_fir_decimator/fir_decimation_0/U0/i_synth/g_polyphase_decimation.i_polyphase_decimation/g_parallel.g_paths[0].g_symmetric.i_data_wrap_buff/i_phase_mem/gen_dram.ram_reg_0_15_10_10,
i_system_wrapper/system_i/rx_fir_decimator/fir_decimation_0/U0/i_synth/g_polyphase_decimation.i_polyphase_decimation/g_parallel.g_paths[0].g_symmetric.i_data_wrap_buff/i_phase_mem/gen_dram.ram_reg_0_15_11_11,
i_system_wrapper/system_i/rx_fir_decimator/fir_decimation_0/U0/i_synth/g_polyphase_decimation.i_polyphase_decimation/g_parallel.g_paths[0].g_symmetric.i_data_wrap_buff/i_phase_mem/gen_dram.ram_reg_0_15_12_12,
i_system_wrapper/system_i/rx_fir_decimator/fir_decimation_0/U0/i_synth/g_polyphase_decimation.i_polyphase_decimation/g_parallel.g_paths[0].g_symmetric.i_data_wrap_buff/i_phase_mem/gen_dram.ram_reg_0_15_13_13,
i_system_wrapper/system_i/rx_fir_decimator/fir_decimation_0/U0/i_synth/g_polyphase_decimation.i_polyphase_decimation/g_parallel.g_paths[0].g_symmetric.i_data_wrap_buff/i_phase_mem/gen_dram.ram_reg_0_15_14_14,
i_system_wrapper/system_i/rx_fir_decimator/fir_decimation_0/U0/i_synth/g_polyphase_decimation.i_polyphase_decimation/g_parallel.g_paths[0].g_symmetric.i_data_wrap_buff/i_phase_mem/gen_dram.ram_reg_0_15_15_15,
i_system_wrapper/system_i/rx_fir_decimator/fir_decimation_0/U0/i_synth/g_polyphase_decimation.i_polyphase_decimation/g_parallel.g_paths[0].g_symmetric.i_data_wrap_buff/i_phase_mem/gen_dram.ram_reg_0_15_1_1,
i_system_wrapper/system_i/rx_fir_decimator/fir_decimation_0/U0/i_synth/g_polyphase_decimation.i_polyphase_decimation/g_parallel.g_paths[0].g_symmetric.i_data_wrap_buff/i_phase_mem/gen_dram.ram_reg_0_15_2_2,
i_system_wrapper/system_i/rx_fir_decimator/fir_decimation_0/U0/i_synth/g_polyphase_decimation.i_polyphase_decimation/g_parallel.g_paths[0].g_symmetric.i_data_wrap_buff/i_phase_mem/gen_dram.ram_reg_0_15_3_3,
i_system_wrapper/system_i/rx_fir_decimator/fir_decimation_0/U0/i_synth/g_polyphase_decimation.i_polyphase_decimation/g_parallel.g_paths[0].g_symmetric.i_data_wrap_buff/i_phase_mem/gen_dram.ram_reg_0_15_4_4
i_system_wrapper/system_i/rx_fir_decimator/fir_decimation_0/U0/i_synth/g_polyphase_decimation.i_polyphase_decimation/g_parallel.g_paths[0].g_symmetric.i_data_wrap_buff/i_phase_mem/gen_dram.ram_reg_0_15_5_5
Related violations: <none>

RTGT-1#2 Advisory
RAM retargeting possibility  
Identified 12 RAM32X1D primitives that could be retargeted to RAM32M. Retargeting will save approximately 4 memory LUTs and improve routability. These can usually be achieved using synthesis inference or XPMs. The memories are i_system_wrapper/system_i/rx_fir_decimator/fir_decimation_1/U0/i_synth/g_polyphase_decimation.i_polyphase_decimation/g_parallel.g_paths[0].g_symmetric.i_data_wrap_buff/i_phase_mem/gen_dram.ram_reg_0_15_0_0,
i_system_wrapper/system_i/rx_fir_decimator/fir_decimation_1/U0/i_synth/g_polyphase_decimation.i_polyphase_decimation/g_parallel.g_paths[0].g_symmetric.i_data_wrap_buff/i_phase_mem/gen_dram.ram_reg_0_15_10_10,
i_system_wrapper/system_i/rx_fir_decimator/fir_decimation_1/U0/i_synth/g_polyphase_decimation.i_polyphase_decimation/g_parallel.g_paths[0].g_symmetric.i_data_wrap_buff/i_phase_mem/gen_dram.ram_reg_0_15_11_11,
i_system_wrapper/system_i/rx_fir_decimator/fir_decimation_1/U0/i_synth/g_polyphase_decimation.i_polyphase_decimation/g_parallel.g_paths[0].g_symmetric.i_data_wrap_buff/i_phase_mem/gen_dram.ram_reg_0_15_12_12,
i_system_wrapper/system_i/rx_fir_decimator/fir_decimation_1/U0/i_synth/g_polyphase_decimation.i_polyphase_decimation/g_parallel.g_paths[0].g_symmetric.i_data_wrap_buff/i_phase_mem/gen_dram.ram_reg_0_15_13_13,
i_system_wrapper/system_i/rx_fir_decimator/fir_decimation_1/U0/i_synth/g_polyphase_decimation.i_polyphase_decimation/g_parallel.g_paths[0].g_symmetric.i_data_wrap_buff/i_phase_mem/gen_dram.ram_reg_0_15_14_14,
i_system_wrapper/system_i/rx_fir_decimator/fir_decimation_1/U0/i_synth/g_polyphase_decimation.i_polyphase_decimation/g_parallel.g_paths[0].g_symmetric.i_data_wrap_buff/i_phase_mem/gen_dram.ram_reg_0_15_15_15,
i_system_wrapper/system_i/rx_fir_decimator/fir_decimation_1/U0/i_synth/g_polyphase_decimation.i_polyphase_decimation/g_parallel.g_paths[0].g_symmetric.i_data_wrap_buff/i_phase_mem/gen_dram.ram_reg_0_15_1_1,
i_system_wrapper/system_i/rx_fir_decimator/fir_decimation_1/U0/i_synth/g_polyphase_decimation.i_polyphase_decimation/g_parallel.g_paths[0].g_symmetric.i_data_wrap_buff/i_phase_mem/gen_dram.ram_reg_0_15_2_2,
i_system_wrapper/system_i/rx_fir_decimator/fir_decimation_1/U0/i_synth/g_polyphase_decimation.i_polyphase_decimation/g_parallel.g_paths[0].g_symmetric.i_data_wrap_buff/i_phase_mem/gen_dram.ram_reg_0_15_3_3,
i_system_wrapper/system_i/rx_fir_decimator/fir_decimation_1/U0/i_synth/g_polyphase_decimation.i_polyphase_decimation/g_parallel.g_paths[0].g_symmetric.i_data_wrap_buff/i_phase_mem/gen_dram.ram_reg_0_15_4_4
i_system_wrapper/system_i/rx_fir_decimator/fir_decimation_1/U0/i_synth/g_polyphase_decimation.i_polyphase_decimation/g_parallel.g_paths[0].g_symmetric.i_data_wrap_buff/i_phase_mem/gen_dram.ram_reg_0_15_5_5
Related violations: <none>

RTGT-1#3 Advisory
RAM retargeting possibility  
Identified 12 RAM32X1D primitives that could be retargeted to RAM32M. Retargeting will save approximately 4 memory LUTs and improve routability. These can usually be achieved using synthesis inference or XPMs. The memories are i_system_wrapper/system_i/tx_fir_interpolator/fir_interpolation_0/U0/i_synth/g_polyphase_interpolation.i_polyphase_interpolation/g_opbuff.i_buffer/gen_dram.ram_reg_0_15_10_10,
i_system_wrapper/system_i/tx_fir_interpolator/fir_interpolation_0/U0/i_synth/g_polyphase_interpolation.i_polyphase_interpolation/g_opbuff.i_buffer/gen_dram.ram_reg_0_15_11_11,
i_system_wrapper/system_i/tx_fir_interpolator/fir_interpolation_0/U0/i_synth/g_polyphase_interpolation.i_polyphase_interpolation/g_opbuff.i_buffer/gen_dram.ram_reg_0_15_12_12,
i_system_wrapper/system_i/tx_fir_interpolator/fir_interpolation_0/U0/i_synth/g_polyphase_interpolation.i_polyphase_interpolation/g_opbuff.i_buffer/gen_dram.ram_reg_0_15_13_13,
i_system_wrapper/system_i/tx_fir_interpolator/fir_interpolation_0/U0/i_synth/g_polyphase_interpolation.i_polyphase_interpolation/g_opbuff.i_buffer/gen_dram.ram_reg_0_15_14_14,
i_system_wrapper/system_i/tx_fir_interpolator/fir_interpolation_0/U0/i_synth/g_polyphase_interpolation.i_polyphase_interpolation/g_opbuff.i_buffer/gen_dram.ram_reg_0_15_15_15,
i_system_wrapper/system_i/tx_fir_interpolator/fir_interpolation_0/U0/i_synth/g_polyphase_interpolation.i_polyphase_interpolation/g_opbuff.i_buffer/gen_dram.ram_reg_0_15_4_4,
i_system_wrapper/system_i/tx_fir_interpolator/fir_interpolation_0/U0/i_synth/g_polyphase_interpolation.i_polyphase_interpolation/g_opbuff.i_buffer/gen_dram.ram_reg_0_15_5_5,
i_system_wrapper/system_i/tx_fir_interpolator/fir_interpolation_0/U0/i_synth/g_polyphase_interpolation.i_polyphase_interpolation/g_opbuff.i_buffer/gen_dram.ram_reg_0_15_6_6,
i_system_wrapper/system_i/tx_fir_interpolator/fir_interpolation_0/U0/i_synth/g_polyphase_interpolation.i_polyphase_interpolation/g_opbuff.i_buffer/gen_dram.ram_reg_0_15_7_7,
i_system_wrapper/system_i/tx_fir_interpolator/fir_interpolation_0/U0/i_synth/g_polyphase_interpolation.i_polyphase_interpolation/g_opbuff.i_buffer/gen_dram.ram_reg_0_15_8_8
i_system_wrapper/system_i/tx_fir_interpolator/fir_interpolation_0/U0/i_synth/g_polyphase_interpolation.i_polyphase_interpolation/g_opbuff.i_buffer/gen_dram.ram_reg_0_15_9_9
Related violations: <none>

RTGT-1#4 Advisory
RAM retargeting possibility  
Identified 12 RAM32X1D primitives that could be retargeted to RAM32M. Retargeting will save approximately 4 memory LUTs and improve routability. These can usually be achieved using synthesis inference or XPMs. The memories are i_system_wrapper/system_i/tx_fir_interpolator/fir_interpolation_1/U0/i_synth/g_polyphase_interpolation.i_polyphase_interpolation/g_opbuff.i_buffer/gen_dram.ram_reg_0_15_10_10,
i_system_wrapper/system_i/tx_fir_interpolator/fir_interpolation_1/U0/i_synth/g_polyphase_interpolation.i_polyphase_interpolation/g_opbuff.i_buffer/gen_dram.ram_reg_0_15_11_11,
i_system_wrapper/system_i/tx_fir_interpolator/fir_interpolation_1/U0/i_synth/g_polyphase_interpolation.i_polyphase_interpolation/g_opbuff.i_buffer/gen_dram.ram_reg_0_15_12_12,
i_system_wrapper/system_i/tx_fir_interpolator/fir_interpolation_1/U0/i_synth/g_polyphase_interpolation.i_polyphase_interpolation/g_opbuff.i_buffer/gen_dram.ram_reg_0_15_13_13,
i_system_wrapper/system_i/tx_fir_interpolator/fir_interpolation_1/U0/i_synth/g_polyphase_interpolation.i_polyphase_interpolation/g_opbuff.i_buffer/gen_dram.ram_reg_0_15_14_14,
i_system_wrapper/system_i/tx_fir_interpolator/fir_interpolation_1/U0/i_synth/g_polyphase_interpolation.i_polyphase_interpolation/g_opbuff.i_buffer/gen_dram.ram_reg_0_15_15_15,
i_system_wrapper/system_i/tx_fir_interpolator/fir_interpolation_1/U0/i_synth/g_polyphase_interpolation.i_polyphase_interpolation/g_opbuff.i_buffer/gen_dram.ram_reg_0_15_4_4,
i_system_wrapper/system_i/tx_fir_interpolator/fir_interpolation_1/U0/i_synth/g_polyphase_interpolation.i_polyphase_interpolation/g_opbuff.i_buffer/gen_dram.ram_reg_0_15_5_5,
i_system_wrapper/system_i/tx_fir_interpolator/fir_interpolation_1/U0/i_synth/g_polyphase_interpolation.i_polyphase_interpolation/g_opbuff.i_buffer/gen_dram.ram_reg_0_15_6_6,
i_system_wrapper/system_i/tx_fir_interpolator/fir_interpolation_1/U0/i_synth/g_polyphase_interpolation.i_polyphase_interpolation/g_opbuff.i_buffer/gen_dram.ram_reg_0_15_7_7,
i_system_wrapper/system_i/tx_fir_interpolator/fir_interpolation_1/U0/i_synth/g_polyphase_interpolation.i_polyphase_interpolation/g_opbuff.i_buffer/gen_dram.ram_reg_0_15_8_8
i_system_wrapper/system_i/tx_fir_interpolator/fir_interpolation_1/U0/i_synth/g_polyphase_interpolation.i_polyphase_interpolation/g_opbuff.i_buffer/gen_dram.ram_reg_0_15_9_9
Related violations: <none>


