#-----------------------------------------------------------
# Vivado v2023.2 (64-bit)
# SW Build 4029153 on Fri Oct 13 20:13:54 MDT 2023
# IP Build 4028589 on Sat Oct 14 00:45:43 MDT 2023
# SharedData Build 4025554 on Tue Oct 10 17:18:54 MDT 2023
# Start of session at: Fri May 15 00:40:34 2026
# Process ID: 138827
# Current directory: /home/paket/Desktop/vitis/Read_the_docs/project_files/project1/fir128/projbckup/fullwork225/fullwork225.runs/impl_1
# Command line: vivado -log system_top.vdi -applog -product Vivado -messageDb vivado.pb -mode batch -source system_top.tcl -notrace
# Log file: /home/paket/Desktop/vitis/Read_the_docs/project_files/project1/fir128/projbckup/fullwork225/fullwork225.runs/impl_1/system_top.vdi
# Journal file: /home/paket/Desktop/vitis/Read_the_docs/project_files/project1/fir128/projbckup/fullwork225/fullwork225.runs/impl_1/vivado.jou
# Running On: paketpc, OS: Linux, CPU Frequency: 1759.313 MHz, CPU Physical cores: 8, Host memory: 24893 MB
#-----------------------------------------------------------
source system_top.tcl -notrace
