

================================================================
== Vitis HLS Report for 'fir'
================================================================
* Date:           Fri May  1 13:57:34 2026

* Version:        2023.2 (Build 4023990 on Oct 11 2023)
* Project:        fir128
* Solution:       solution1 (Vivado IP Flow Target)
* Product family: zynq
* Target device:  xc7z010-clg400-1


================================================================
== Performance Estimates
================================================================
+ Timing: 
    * Summary: 
    +--------+----------+----------+------------+
    |  Clock |  Target  | Estimated| Uncertainty|
    +--------+----------+----------+------------+
    |ap_clk  |  10.00 ns|  6.712 ns|     2.70 ns|
    +--------+----------+----------+------------+

+ Latency: 
    * Summary: 
    +---------+---------+----------+----------+-----+-----+---------+
    |  Latency (cycles) |  Latency (absolute) |  Interval | Pipeline|
    |   min   |   max   |    min   |    max   | min | max |   Type  |
    +---------+---------+----------+----------+-----+-----+---------+
    |      137|      137|  1.370 us|  1.370 us|  138|  138|       no|
    +---------+---------+----------+----------+-----+-----+---------+

    + Detail: 
        * Instance: 
        N/A

        * Loop: 
        N/A

============================================================
+ Verbose Summary: Synthesis Manager
============================================================
InlineROM: 1
ExposeGlobal: 0
============================================================
+ Verbose Summary: CDFG Model
============================================================
IsTopModel: 1
ResetActiveHigh: 1
IsCombinational: 0
IsDatapathOnly: 0
HasWiredReturn: 1
HasMFsm: 0
HasVarLatency: 1
IsPipeline: 0
IsRtlPipelined: 0
IsInstanceOverlapped: 0
IsDontTouch: 0
HasImplIP: 0
IsGatedGlobalClock: 0


============================================================
+ Verbose Summary: Schedule
============================================================
* Number of FSM states : 5
* Pipeline : 0
* Dataflow Pipeline: 0

* FSM state transitions: 
1 --> 2 
2 --> 3 
3 --> 4 
4 --> 5 
5 --> 

* FSM state operations: 

State 1 <SV = 0> <Delay = 4.25>
ST_1 : Operation 6 [1/1] (0.00ns)   --->   "%acc_loc = alloca i64 1"   --->   Operation 6 'alloca' 'acc_loc' <Predicate = true> <Delay = 0.00>
ST_1 : Operation 7 [1/1] (1.00ns)   --->   "%empty = read i21 @_ssdm_op_Read.axis.volatile.i16P0A.i2P0A.i2P0A.i1P0A, i16 %x_V_data_V, i2 %x_V_keep_V, i2 %x_V_strb_V, i1 %x_V_last_V" [fir.cpp:21]   --->   Operation 7 'read' 'empty' <Predicate = true> <Delay = 1.00> <CoreInst = "axis">   --->   Core 115 'axis' <Latency = 0> <II = 1> <Delay = 1.00> <Adapter> <Opcode : >
ST_1 : Operation 8 [1/1] (0.00ns)   --->   "%in_sample_data = extractvalue i21 %empty" [fir.cpp:21]   --->   Operation 8 'extractvalue' 'in_sample_data' <Predicate = true> <Delay = 0.00>
ST_1 : Operation 9 [1/1] (0.00ns)   --->   "%in_sample_keep = extractvalue i21 %empty" [fir.cpp:21]   --->   Operation 9 'extractvalue' 'in_sample_keep' <Predicate = true> <Delay = 0.00>
ST_1 : Operation 10 [1/1] (0.00ns)   --->   "%in_sample_last = extractvalue i21 %empty" [fir.cpp:21]   --->   Operation 10 'extractvalue' 'in_sample_last' <Predicate = true> <Delay = 0.00>
ST_1 : Operation 11 [1/1] (0.00ns)   --->   "%ptr_load = load i7 %ptr" [fir.cpp:23]   --->   Operation 11 'load' 'ptr_load' <Predicate = true> <Delay = 0.00>
ST_1 : Operation 12 [1/1] (0.00ns)   --->   "%zext_ln23 = zext i7 %ptr_load" [fir.cpp:23]   --->   Operation 12 'zext' 'zext_ln23' <Predicate = true> <Delay = 0.00>
ST_1 : Operation 13 [1/1] (0.00ns)   --->   "%shift_reg_addr = getelementptr i16 %shift_reg, i64 0, i64 %zext_ln23" [fir.cpp:23]   --->   Operation 13 'getelementptr' 'shift_reg_addr' <Predicate = true> <Delay = 0.00>
ST_1 : Operation 14 [1/1] (3.25ns)   --->   "%store_ln23 = store i16 %in_sample_data, i7 %shift_reg_addr" [fir.cpp:23]   --->   Operation 14 'store' 'store_ln23' <Predicate = true> <Delay = 3.25> <CoreInst = "RAM">   --->   Core 82 'RAM' <Latency = 1> <II = 1> <Delay = 3.25> <Storage> <Opcode : 'load' 'store'> <Ports = 2> <Width = 16> <Depth = 128> <RAM>
ST_1 : Operation 15 [1/1] (1.87ns)   --->   "%add_ln34 = add i7 %ptr_load, i7 1" [fir.cpp:34]   --->   Operation 15 'add' 'add_ln34' <Predicate = true> <Delay = 1.87> <CoreInst = "Adder">   --->   Core 1 'Adder' <Latency = 0> <II = 1> <Delay = 1.87> <FuncUnit> <Opcode : 'add' 'sub'> <InPorts = 2> <OutPorts = 1>
ST_1 : Operation 16 [1/1] (0.00ns)   --->   "%store_ln34 = store i7 %add_ln34, i7 %ptr" [fir.cpp:34]   --->   Operation 16 'store' 'store_ln34' <Predicate = true> <Delay = 0.00>

State 2 <SV = 1> <Delay = 5.12>
ST_2 : Operation 17 [2/2] (5.12ns)   --->   "%call_ln23 = call void @fir_Pipeline_MAC_Loop, i7 %ptr_load, i16 %acc_loc, i16 %shift_reg, i5 %c" [fir.cpp:23]   --->   Operation 17 'call' 'call_ln23' <Predicate = true> <Delay = 5.12> <CoreType = "Generic">   --->   Core 0 '' <Latency = 0> <II = 1> <Delay = 1.00> <Generic> <Opcode : >

State 3 <SV = 2> <Delay = 0.00>
ST_3 : Operation 18 [1/2] (0.00ns)   --->   "%call_ln23 = call void @fir_Pipeline_MAC_Loop, i7 %ptr_load, i16 %acc_loc, i16 %shift_reg, i5 %c" [fir.cpp:23]   --->   Operation 18 'call' 'call_ln23' <Predicate = true> <Delay = 0.00> <CoreType = "Generic">   --->   Core 0 '' <Latency = 0> <II = 1> <Delay = 1.00> <Generic> <Opcode : >

State 4 <SV = 3> <Delay = 1.00>
ST_4 : Operation 19 [1/1] (0.00ns)   --->   "%out_sample_data = load i16 %acc_loc" [fir.cpp:37]   --->   Operation 19 'load' 'out_sample_data' <Predicate = true> <Delay = 0.00>
ST_4 : Operation 20 [2/2] (1.00ns)   --->   "%write_ln40 = write void @_ssdm_op_Write.axis.volatile.i16P0A.i2P0A.i2P0A.i1P0A, i16 %y_V_data_V, i2 %y_V_keep_V, i2 %y_V_strb_V, i1 %y_V_last_V, i16 %out_sample_data, i2 %in_sample_keep, i2 0, i1 %in_sample_last" [fir.cpp:40]   --->   Operation 20 'write' 'write_ln40' <Predicate = true> <Delay = 1.00> <CoreInst = "axis">   --->   Core 115 'axis' <Latency = 0> <II = 1> <Delay = 1.00> <Adapter> <Opcode : >

State 5 <SV = 4> <Delay = 1.00>
ST_5 : Operation 21 [1/1] (0.00ns)   --->   "%spectopmodule_ln3 = spectopmodule void @_ssdm_op_SpecTopModule, void @empty_5" [fir.cpp:3]   --->   Operation 21 'spectopmodule' 'spectopmodule_ln3' <Predicate = true> <Delay = 0.00>
ST_5 : Operation 22 [1/1] (0.00ns)   --->   "%specinterface_ln3 = specinterface void @_ssdm_op_SpecInterface, i32 0, void @empty_6, i32 0, i32 0, void @empty_2, i32 0, i32 0, void @empty_2, void @empty_2, void @empty_2, i32 0, i32 0, i32 0, i32 0, void @empty_2, void @empty_2, i32 4294967295, i32 0" [fir.cpp:3]   --->   Operation 22 'specinterface' 'specinterface_ln3' <Predicate = true> <Delay = 0.00>
ST_5 : Operation 23 [1/1] (0.00ns)   --->   "%specinterface_ln0 = specinterface void @_ssdm_op_SpecInterface, i16 %y_V_data_V, i2 %y_V_keep_V, i2 %y_V_strb_V, i1 %y_V_last_V, void @empty_0, i32 1, i32 1, void @empty_1, i32 0, i32 0, void @empty_2, void @empty_2, void @empty_2, i32 0, i32 0, i32 0, i32 0, void @empty_2, void @empty_2, i32 4294967295, i32 0"   --->   Operation 23 'specinterface' 'specinterface_ln0' <Predicate = true> <Delay = 0.00>
ST_5 : Operation 24 [1/1] (0.00ns)   --->   "%specbitsmap_ln0 = specbitsmap void @_ssdm_op_SpecBitsMap, i16 %y_V_data_V"   --->   Operation 24 'specbitsmap' 'specbitsmap_ln0' <Predicate = true> <Delay = 0.00>
ST_5 : Operation 25 [1/1] (0.00ns)   --->   "%specbitsmap_ln0 = specbitsmap void @_ssdm_op_SpecBitsMap, i2 %y_V_keep_V"   --->   Operation 25 'specbitsmap' 'specbitsmap_ln0' <Predicate = true> <Delay = 0.00>
ST_5 : Operation 26 [1/1] (0.00ns)   --->   "%specbitsmap_ln0 = specbitsmap void @_ssdm_op_SpecBitsMap, i2 %y_V_strb_V"   --->   Operation 26 'specbitsmap' 'specbitsmap_ln0' <Predicate = true> <Delay = 0.00>
ST_5 : Operation 27 [1/1] (0.00ns)   --->   "%specbitsmap_ln0 = specbitsmap void @_ssdm_op_SpecBitsMap, i1 %y_V_last_V"   --->   Operation 27 'specbitsmap' 'specbitsmap_ln0' <Predicate = true> <Delay = 0.00>
ST_5 : Operation 28 [1/1] (0.00ns)   --->   "%specinterface_ln0 = specinterface void @_ssdm_op_SpecInterface, i16 %x_V_data_V, i2 %x_V_keep_V, i2 %x_V_strb_V, i1 %x_V_last_V, void @empty_0, i32 1, i32 1, void @empty_1, i32 0, i32 0, void @empty_2, void @empty_2, void @empty_2, i32 0, i32 0, i32 0, i32 0, void @empty_2, void @empty_2, i32 4294967295, i32 0"   --->   Operation 28 'specinterface' 'specinterface_ln0' <Predicate = true> <Delay = 0.00>
ST_5 : Operation 29 [1/1] (0.00ns)   --->   "%specbitsmap_ln0 = specbitsmap void @_ssdm_op_SpecBitsMap, i16 %x_V_data_V"   --->   Operation 29 'specbitsmap' 'specbitsmap_ln0' <Predicate = true> <Delay = 0.00>
ST_5 : Operation 30 [1/1] (0.00ns)   --->   "%specbitsmap_ln0 = specbitsmap void @_ssdm_op_SpecBitsMap, i2 %x_V_keep_V"   --->   Operation 30 'specbitsmap' 'specbitsmap_ln0' <Predicate = true> <Delay = 0.00>
ST_5 : Operation 31 [1/1] (0.00ns)   --->   "%specbitsmap_ln0 = specbitsmap void @_ssdm_op_SpecBitsMap, i2 %x_V_strb_V"   --->   Operation 31 'specbitsmap' 'specbitsmap_ln0' <Predicate = true> <Delay = 0.00>
ST_5 : Operation 32 [1/1] (0.00ns)   --->   "%specbitsmap_ln0 = specbitsmap void @_ssdm_op_SpecBitsMap, i1 %x_V_last_V"   --->   Operation 32 'specbitsmap' 'specbitsmap_ln0' <Predicate = true> <Delay = 0.00>
ST_5 : Operation 33 [1/1] (0.00ns)   --->   "%specaxissidechannel_ln28 = specaxissidechannel void @_ssdm_op_SpecAXISSideChannel, i16 %y_V_data_V, i2 %y_V_keep_V, i2 %y_V_strb_V, i1 0, i1 %y_V_last_V, i1 0, i1 0, void @empty_3" [fir.cpp:28]   --->   Operation 33 'specaxissidechannel' 'specaxissidechannel_ln28' <Predicate = true> <Delay = 0.00>
ST_5 : Operation 34 [1/1] (0.00ns)   --->   "%specaxissidechannel_ln28 = specaxissidechannel void @_ssdm_op_SpecAXISSideChannel, i16 %x_V_data_V, i2 %x_V_keep_V, i2 %x_V_strb_V, i1 0, i1 %x_V_last_V, i1 0, i1 0, void @empty_4" [fir.cpp:28]   --->   Operation 34 'specaxissidechannel' 'specaxissidechannel_ln28' <Predicate = true> <Delay = 0.00>
ST_5 : Operation 35 [1/2] (1.00ns)   --->   "%write_ln40 = write void @_ssdm_op_Write.axis.volatile.i16P0A.i2P0A.i2P0A.i1P0A, i16 %y_V_data_V, i2 %y_V_keep_V, i2 %y_V_strb_V, i1 %y_V_last_V, i16 %out_sample_data, i2 %in_sample_keep, i2 0, i1 %in_sample_last" [fir.cpp:40]   --->   Operation 35 'write' 'write_ln40' <Predicate = true> <Delay = 1.00> <CoreInst = "axis">   --->   Core 115 'axis' <Latency = 0> <II = 1> <Delay = 1.00> <Adapter> <Opcode : >
ST_5 : Operation 36 [1/1] (0.00ns)   --->   "%ret_ln41 = ret" [fir.cpp:41]   --->   Operation 36 'ret' 'ret_ln41' <Predicate = true> <Delay = 0.00>


============================================================
+ Verbose Summary: Timing violations
============================================================
Target clock period: 10.000ns, clock uncertainty: 2.700ns.

 <State 1>: 4.254ns
The critical path consists of the following:
	axis read operation ('empty', fir.cpp:21) on port 'x_V_data_V' (fir.cpp:21) [25]  (1.000 ns)
	'store' operation 0 bit ('store_ln23', fir.cpp:23) of variable 'in_sample.data', fir.cpp:21 on array 'shift_reg' [32]  (3.254 ns)

 <State 2>: 5.124ns
The critical path consists of the following:
	'call' operation 0 bit ('call_ln23', fir.cpp:23) to 'fir_Pipeline_MAC_Loop' [35]  (5.124 ns)

 <State 3>: 0.000ns
The critical path consists of the following:

 <State 4>: 1.000ns
The critical path consists of the following:
	'load' operation 16 bit ('out_sample.data', fir.cpp:37) on local variable 'acc_loc' [36]  (0.000 ns)
	axis write operation ('write_ln40', fir.cpp:40) on port 'y_V_data_V' (fir.cpp:40) [39]  (1.000 ns)

 <State 5>: 1.000ns
The critical path consists of the following:
	axis write operation ('write_ln40', fir.cpp:40) on port 'y_V_data_V' (fir.cpp:40) [39]  (1.000 ns)


============================================================
+ Verbose Summary: Binding
============================================================
N/A
* FSMD analyzer results:
  - Output states:
 - Input state : 
  - Chain level:
	State 1
	State 2
	State 3
	State 4
	State 5


============================================================
+ Verbose Summary: Datapath Resource usage 
============================================================
N/A
