

================================================================
== Synthesis Summary Report of 'fir'
================================================================
+ General Information: 
    * Date:           Fri Apr 10 19:29:46 2026
    * Version:        2023.2 (Build 4023990 on Oct 11 2023)
    * Project:        fir128
    * Solution:       solution1 (Vivado IP Flow Target)
    * Product family: zynq
    * Target device:  xc7z010-clg400-1
    

+ Performance & Resource Estimates: 
    
    PS: '+' for module; 'o' for loop; '*' for dataflow
    +----------------------------------+------+------+---------+-----------+----------+---------+------+----------+------+--------+------------+----------+-----+
    |              Modules             | Issue|      | Latency |  Latency  | Iteration|         | Trip |          |      |        |            |          |     |
    |              & Loops             | Type | Slack| (cycles)|    (ns)   |  Latency | Interval| Count| Pipelined| BRAM |   DSP  |     FF     |    LUT   | URAM|
    +----------------------------------+------+------+---------+-----------+----------+---------+------+----------+------+--------+------------+----------+-----+
    |+ fir                             |     -|  0.39|      262|  2.620e+03|         -|      263|     -|        no|     -|  2 (2%)|  4492 (12%)|  950 (5%)|    -|
    | + fir_Pipeline_Shift_Accum_Loop  |     -|  0.39|      260|  2.600e+03|         -|      260|     -|        no|     -|  2 (2%)|  4457 (12%)|  891 (5%)|    -|
    |  o Shift_Accum_Loop              |     -|  7.30|      258|  2.580e+03|         5|        2|   128|       yes|     -|       -|           -|         -|    -|
    +----------------------------------+------+------+---------+-----------+----------+---------+------+----------+------+--------+------------+----------+-----+


================================================================
== HW Interfaces
================================================================
* Other Ports
+------+---------+-----------+----------+
| Port | Mode    | Direction | Bitwidth |
+------+---------+-----------+----------+
| x    | ap_none | in        | 32       |
| y    | ap_vld  | out       | 32       |
+------+---------+-----------+----------+

* TOP LEVEL CONTROL
+-----------+------------+-----------------------------------+
| Interface | Type       | Ports                             |
+-----------+------------+-----------------------------------+
| ap_clk    | clock      | ap_clk                            |
| ap_rst    | reset      | ap_rst                            |
| ap_ctrl   | ap_ctrl_hs | ap_done ap_idle ap_ready ap_start |
+-----------+------------+-----------------------------------+


================================================================
== SW I/O Information
================================================================
* Top Function Arguments
+----------+-----------+----------+
| Argument | Direction | Datatype |
+----------+-----------+----------+
| y        | out       | int*     |
| x        | in        | int      |
+----------+-----------+----------+

* SW-to-HW Mapping
+----------+--------------+---------+
| Argument | HW Interface | HW Type |
+----------+--------------+---------+
| y        | y            | port    |
| y        | y_ap_vld     | port    |
| x        | x            | port    |
+----------+--------------+---------+


================================================================
== Bind Op Report
================================================================
+----------------------------------+-----+--------+----------+-----+--------+---------+
| Name                             | DSP | Pragma | Variable | Op  | Impl   | Latency |
+----------------------------------+-----+--------+----------+-----+--------+---------+
| + fir                            | 2   |        |          |     |        |         |
|   mul_fu_583_p2                  |     |        | mul      | add | fabric | 0       |
|  + fir_Pipeline_Shift_Accum_Loop | 2   |        |          |     |        |         |
|    add_ln19_fu_633_p2            |     |        | add_ln19 | add | fabric | 0       |
|    mul_5s_32s_32_2_1_U2          | 2   |        | mul_ln33 | mul | auto   | 1       |
|    acc_1_fu_2446_p2              |     |        | acc_1    | add | fabric | 0       |
+----------------------------------+-----+--------+----------+-----+--------+---------+


================================================================
== Storage Report
================================================================
+----------------------------------+--------+------+------+------+--------+----------+------+---------+------------------+
| Name                             | Usage  | Type | BRAM | URAM | Pragma | Variable | Impl | Latency | Bitwidth, Depth, |
|                                  |        |      |      |      |        |          |      |         | Banks            |
+----------------------------------+--------+------+------+------+--------+----------+------+---------+------------------+
| + fir                            |        |      | 0    | 0    |        |          |      |         |                  |
|  + fir_Pipeline_Shift_Accum_Loop |        |      | 0    | 0    |        |          |      |         |                  |
|    c_U                           | rom_1p |      |      |      |        | c        | auto | 1       | 5, 128, 1        |
+----------------------------------+--------+------+------+------+--------+----------+------+---------+------------------+


================================================================
== Pragma Report
================================================================
* Valid Pragma Syntax
+-----------------+-----------------------------+------------------------------+
| Type            | Options                     | Location                     |
+-----------------+-----------------------------+------------------------------+
| interface       | ap_none port=x              | fir.cpp:8 in fir, x          |
| interface       | ap_vld port=y               | fir.cpp:9 in fir, y          |
| array_partition | variable=shift_reg complete | fir.cpp:17 in fir, shift_reg |
| pipeline        | II=2                        | fir.cpp:27 in fir            |
+-----------------+-----------------------------+------------------------------+


