

================================================================
== Synthesis Summary Report of 'fir'
================================================================
+ General Information: 
    * Date:           Fri May  1 13:35:30 2026
    * Version:        2023.2 (Build 4023990 on Oct 11 2023)
    * Project:        fir128
    * Solution:       solution1 (Vivado IP Flow Target)
    * Product family: zynq
    * Target device:  xc7z010-clg400-1
    

+ Performance & Resource Estimates: 
    
    PS: '+' for module; 'o' for loop; '*' for dataflow
    +----------------------------------+------+------+---------+-----------+----------+---------+------+----------+------+--------+-----------+----------+-----+
    |              Modules             | Issue|      | Latency |  Latency  | Iteration|         | Trip |          |      |        |           |          |     |
    |              & Loops             | Type | Slack| (cycles)|    (ns)   |  Latency | Interval| Count| Pipelined| BRAM |   DSP  |     FF    |    LUT   | URAM|
    +----------------------------------+------+------+---------+-----------+----------+---------+------+----------+------+--------+-----------+----------+-----+
    |+ fir                             |     -|  0.13|      263|  2.630e+03|         -|      264|     -|        no|     -|  1 (1%)|  2235 (6%)|  905 (5%)|    -|
    | + fir_Pipeline_Shift_Accum_Loop  |     -|  0.13|      260|  2.600e+03|         -|      260|     -|        no|     -|  1 (1%)|  2176 (6%)|  833 (4%)|    -|
    |  o Shift_Accum_Loop              |     -|  7.30|      258|  2.580e+03|         4|        2|   128|       yes|     -|       -|          -|         -|    -|
    +----------------------------------+------+------+---------+-----------+----------+---------+------+----------+------+--------+-----------+----------+-----+


================================================================
== HW Interfaces
================================================================
* AXIS
+-----------+-----------+---------------+-------+-------+-------+--------+-------+--------+
| Interface | Direction | Register Mode | TDATA | TKEEP | TLAST | TREADY | TSTRB | TVALID |
+-----------+-----------+---------------+-------+-------+-------+--------+-------+--------+
| x         | in        | both          | 16    | 2     | 1     | 1      | 2     | 1      |
| y         | out       | both          | 16    | 2     | 1     | 1      | 2     | 1      |
+-----------+-----------+---------------+-------+-------+-------+--------+-------+--------+

* TOP LEVEL CONTROL
+-----------+--------------+----------+
| Interface | Type         | Ports    |
+-----------+--------------+----------+
| ap_clk    | clock        | ap_clk   |
| ap_rst_n  | reset        | ap_rst_n |
| ap_ctrl   | ap_ctrl_none |          |
+-----------+--------------+----------+


================================================================
== SW I/O Information
================================================================
* Top Function Arguments
+----------+-----------+--------------------------------------------------------+
| Argument | Direction | Datatype                                               |
+----------+-----------+--------------------------------------------------------+
| y        | out       | stream<hls::axis<ap_int<16>, 0, 0, 0, '8', false>, 0>& |
| x        | in        | stream<hls::axis<ap_int<16>, 0, 0, 0, '8', false>, 0>& |
+----------+-----------+--------------------------------------------------------+

* SW-to-HW Mapping
+----------+--------------+-----------+
| Argument | HW Interface | HW Type   |
+----------+--------------+-----------+
| y        | y            | interface |
| x        | x            | interface |
+----------+--------------+-----------+


================================================================
== Bind Op Report
================================================================
+----------------------------------+-----+--------+----------+-----+--------+---------+
| Name                             | DSP | Pragma | Variable | Op  | Impl   | Latency |
+----------------------------------+-----+--------+----------+-----+--------+---------+
| + fir                            | 1   |        |          |     |        |         |
|   mul_i29_fu_653_p2              |     |        | mul_i29  | add | fabric | 0       |
|  + fir_Pipeline_Shift_Accum_Loop | 1   |        |          |     |        |         |
|    add_ln24_fu_637_p2            |     |        | add_ln24 | add | fabric | 0       |
|    mul_5s_16s_20_1_1_U2          | 1   |        | mul_ln34 | mul | auto   | 0       |
|    acc_3_fu_2463_p2              |     |        | acc_3    | add | fabric | 0       |
+----------------------------------+-----+--------+----------+-----+--------+---------+


================================================================
== Storage Report
================================================================
+----------------------------------+--------+------+------+------+--------+----------+------+---------+------------------+
| Name                             | Usage  | Type | BRAM | URAM | Pragma | Variable | Impl | Latency | Bitwidth, Depth, |
|                                  |        |      |      |      |        |          |      |         | Banks            |
+----------------------------------+--------+------+------+------+--------+----------+------+---------+------------------+
| + fir                            |        |      | 0    | 0    |        |          |      |         |                  |
|  + fir_Pipeline_Shift_Accum_Loop |        |      | 0    | 0    |        |          |      |         |                  |
|    c_U                           | rom_1p |      |      |      |        | c        | auto | 1       | 5, 128, 1        |
+----------------------------------+--------+------+------+------+--------+----------+------+---------+------------------+


================================================================
== Pragma Report
================================================================
* Valid Pragma Syntax
+-----------------+-----------------------------+------------------------------+
| Type            | Options                     | Location                     |
+-----------------+-----------------------------+------------------------------+
| interface       | axis port=x                 | fir.cpp:4 in fir, x          |
| interface       | axis port=y                 | fir.cpp:5 in fir, y          |
| interface       | ap_ctrl_none port=return    | fir.cpp:6 in fir, return     |
| array_partition | variable=shift_reg complete | fir.cpp:18 in fir, shift_reg |
| pipeline        | II=2                        | fir.cpp:28 in fir            |
+-----------------+-----------------------------+------------------------------+


