

================================================================
== Vitis HLS Report for 'fir_Pipeline_Shift_Accum_Loop'
================================================================
* Date:           Fri May  1 13:35:30 2026

* Version:        2023.2 (Build 4023990 on Oct 11 2023)
* Project:        fir128
* Solution:       solution1 (Vivado IP Flow Target)
* Product family: zynq
* Target device:  xc7z010-clg400-1


================================================================
== Performance Estimates
================================================================
+ Timing: 
    * Summary: 
    +--------+----------+----------+------------+
    |  Clock |  Target  | Estimated| Uncertainty|
    +--------+----------+----------+------------+
    |ap_clk  |  10.00 ns|  7.168 ns|     2.70 ns|
    +--------+----------+----------+------------+

+ Latency: 
    * Summary: 
    +---------+---------+----------+----------+-----+-----+---------+
    |  Latency (cycles) |  Latency (absolute) |  Interval | Pipeline|
    |   min   |   max   |    min   |    max   | min | max |   Type  |
    +---------+---------+----------+----------+-----+-----+---------+
    |      260|      260|  2.600 us|  2.600 us|  260|  260|       no|
    +---------+---------+----------+----------+-----+-----+---------+

    + Detail: 
        * Instance: 
        N/A

        * Loop: 
        +--------------------+---------+---------+----------+-----------+-----------+------+----------+
        |                    |  Latency (cycles) | Iteration|  Initiation Interval  | Trip |          |
        |      Loop Name     |   min   |   max   |  Latency |  achieved |   target  | Count| Pipelined|
        +--------------------+---------+---------+----------+-----------+-----------+------+----------+
        |- Shift_Accum_Loop  |      258|      258|         4|          2|          2|   128|       yes|
        +--------------------+---------+---------+----------+-----------+-----------+------+----------+



================================================================
== Utilization Estimates
================================================================
* Summary: 
+-----------------+---------+----+-------+-------+-----+
|       Name      | BRAM_18K| DSP|   FF  |  LUT  | URAM|
+-----------------+---------+----+-------+-------+-----+
|DSP              |        -|   -|      -|      -|    -|
|Expression       |        -|   -|      0|     66|    -|
|FIFO             |        -|   -|      -|      -|    -|
|Instance         |        -|   1|      0|    671|    -|
|Memory           |        0|   -|      5|     10|    -|
|Multiplexer      |        -|   -|      -|     86|    -|
|Register         |        -|   -|   2171|      -|    -|
+-----------------+---------+----+-------+-------+-----+
|Total            |        0|   1|   2176|    833|    0|
+-----------------+---------+----+-------+-------+-----+
|Available        |      120|  80|  35200|  17600|    0|
+-----------------+---------+----+-------+-------+-----+
|Utilization (%)  |        0|   1|      6|      4|    0|
+-----------------+---------+----+-------+-------+-----+

+ Detail: 
    * Instance: 
    +---------------------------+------------------------+---------+----+---+-----+-----+
    |          Instance         |         Module         | BRAM_18K| DSP| FF| LUT | URAM|
    +---------------------------+------------------------+---------+----+---+-----+-----+
    |mul_5s_16s_20_1_1_U2       |mul_5s_16s_20_1_1       |        0|   1|  0|    6|    0|
    |sparsemux_255_7_16_1_1_U1  |sparsemux_255_7_16_1_1  |        0|   0|  0|  665|    0|
    +---------------------------+------------------------+---------+----+---+-----+-----+
    |Total                      |                        |        0|   1|  0|  671|    0|
    +---------------------------+------------------------+---------+----+---+-----+-----+

    * DSP: 
    N/A

    * Memory: 
    +-------+---------------------------------------------+---------+---+----+-----+------+-----+------+-------------+
    | Memory|                    Module                   | BRAM_18K| FF| LUT| URAM| Words| Bits| Banks| W*Bits*Banks|
    +-------+---------------------------------------------+---------+---+----+-----+------+-----+------+-------------+
    |c_U    |fir_Pipeline_Shift_Accum_Loop_c_ROM_AUTO_1R  |        0|  5|  10|    0|   128|    5|     1|          640|
    +-------+---------------------------------------------+---------+---+----+-----+------+-----+------+-------------+
    |Total  |                                             |        0|  5|  10|    0|   128|    5|     1|          640|
    +-------+---------------------------------------------+---------+---+----+-----+------+-----+------+-------------+

    * FIFO: 
    N/A

    * Expression: 
    +---------------------+----------+----+---+----+------------+------------+
    |    Variable Name    | Operation| DSP| FF| LUT| Bitwidth P0| Bitwidth P1|
    +---------------------+----------+----+---+----+------------+------------+
    |acc_3_fu_2463_p2     |         +|   0|  0|  34|          27|          27|
    |add_ln24_fu_637_p2   |         +|   0|  0|  15|           8|           2|
    |icmp_ln29_fu_643_p2  |      icmp|   0|  0|  15|           8|           1|
    |ap_enable_pp0        |       xor|   0|  0|   2|           1|           2|
    +---------------------+----------+----+---+----+------------+------------+
    |Total                |          |   0|  0|  66|          44|          32|
    +---------------------+----------+----+---+----+------------+------------+

    * Multiplexer: 
    +-----------------------------------------+----+-----------+-----+-----------+
    |                   Name                  | LUT| Input Size| Bits| Total Bits|
    +-----------------------------------------+----+-----------+-----+-----------+
    |acc_fu_558                               |   9|          2|   27|         54|
    |ap_NS_fsm                                |  14|          3|    1|          3|
    |ap_done_int                              |   9|          2|    1|          2|
    |ap_enable_reg_pp0_iter0                  |   9|          2|    1|          2|
    |ap_enable_reg_pp0_iter1                  |   9|          2|    1|          2|
    |ap_loop_exit_ready_pp0_iter1_reg         |   9|          2|    1|          2|
    |ap_phi_reg_pp0_iter1_mul_i29_pn_reg_598  |   9|          2|   20|         40|
    |ap_sig_allocacmp_i_1                     |   9|          2|    8|         16|
    |i_fu_562                                 |   9|          2|    8|         16|
    +-----------------------------------------+----+-----------+-----+-----------+
    |Total                                    |  86|         19|   68|        137|
    +-----------------------------------------+----+-----------+-----+-----------+

    * Register: 
    +---------------------------------------------------------------------------------------+----+----+-----+-----------+
    |                                          Name                                         | FF | LUT| Bits| Const Bits|
    +---------------------------------------------------------------------------------------+----+----+-----+-----------+
    |acc_2_reg_2520                                                                         |  27|   0|   27|          0|
    |acc_fu_558                                                                             |  27|   0|   27|          0|
    |ap_CS_fsm                                                                              |   2|   0|    2|          0|
    |ap_done_reg                                                                            |   1|   0|    1|          0|
    |ap_enable_reg_pp0_iter0_reg                                                            |   1|   0|    1|          0|
    |ap_enable_reg_pp0_iter1                                                                |   1|   0|    1|          0|
    |ap_loop_exit_ready_pp0_iter1_reg                                                       |   1|   0|    1|          0|
    |ap_phi_reg_pp0_iter0_mul_i29_pn_reg_598                                                |  20|   0|   20|          0|
    |ap_phi_reg_pp0_iter1_mul_i29_pn_reg_598                                                |  20|   0|   20|          0|
    |c_load_reg_2515                                                                        |   5|   0|    5|          0|
    |fir_stream_stream_axis_0_shift_reg                                                     |  16|   0|   16|          0|
    |fir_stream_stream_axis_0_shift_reg_1                                                   |  16|   0|   16|          0|
    |fir_stream_stream_axis_0_shift_reg_2                                                   |  16|   0|   16|          0|
    |fir_stream_stream_axis_0_shift_reg_3                                                   |  16|   0|   16|          0|
    |fir_stream_stream_axis_0_shift_reg_4                                                   |  16|   0|   16|          0|
    |fir_stream_stream_axis_0_shift_reg_5                                                   |  16|   0|   16|          0|
    |fir_stream_stream_axis_0_shift_reg_6                                                   |  16|   0|   16|          0|
    |fir_stream_stream_axis_0_shift_reg_7                                                   |  16|   0|   16|          0|
    |fir_stream_stream_axis_0_shift_reg_8                                                   |  16|   0|   16|          0|
    |fir_stream_stream_axis_0_shift_reg_9                                                   |  16|   0|   16|          0|
    |i_fu_562                                                                               |   8|   0|    8|          0|
    |icmp_ln29_reg_2501                                                                     |   1|   0|    1|          0|
    |p_ZZ3firRN3hls6streamINS_4axisI6ap_intILi16EELm0ELm0ELm0ELh56ELb0EEELi0EEES6_E9sh      |  16|   0|   16|          0|
    |p_ZZ3firRN3hls6streamINS_4axisI6ap_intILi16EELm0ELm0ELm0ELh56ELb0EEELi0EEES6_E9sh_1    |  16|   0|   16|          0|
    |p_ZZ3firRN3hls6streamINS_4axisI6ap_intILi16EELm0ELm0ELm0ELh56ELb0EEELi0EEES6_E9sh_10   |  16|   0|   16|          0|
    |p_ZZ3firRN3hls6streamINS_4axisI6ap_intILi16EELm0ELm0ELm0ELh56ELb0EEELi0EEES6_E9sh_11   |  16|   0|   16|          0|
    |p_ZZ3firRN3hls6streamINS_4axisI6ap_intILi16EELm0ELm0ELm0ELh56ELb0EEELi0EEES6_E9sh_116  |  16|   0|   16|          0|
    |p_ZZ3firRN3hls6streamINS_4axisI6ap_intILi16EELm0ELm0ELm0ELh56ELb0EEELi0EEES6_E9sh_117  |  16|   0|   16|          0|
    |p_ZZ3firRN3hls6streamINS_4axisI6ap_intILi16EELm0ELm0ELm0ELh56ELb0EEELi0EEES6_E9sh_118  |  16|   0|   16|          0|
    |p_ZZ3firRN3hls6streamINS_4axisI6ap_intILi16EELm0ELm0ELm0ELh56ELb0EEELi0EEES6_E9sh_119  |  16|   0|   16|          0|
    |p_ZZ3firRN3hls6streamINS_4axisI6ap_intILi16EELm0ELm0ELm0ELh56ELb0EEELi0EEES6_E9sh_12   |  16|   0|   16|          0|
    |p_ZZ3firRN3hls6streamINS_4axisI6ap_intILi16EELm0ELm0ELm0ELh56ELb0EEELi0EEES6_E9sh_120  |  16|   0|   16|          0|
    |p_ZZ3firRN3hls6streamINS_4axisI6ap_intILi16EELm0ELm0ELm0ELh56ELb0EEELi0EEES6_E9sh_121  |  16|   0|   16|          0|
    |p_ZZ3firRN3hls6streamINS_4axisI6ap_intILi16EELm0ELm0ELm0ELh56ELb0EEELi0EEES6_E9sh_122  |  16|   0|   16|          0|
    |p_ZZ3firRN3hls6streamINS_4axisI6ap_intILi16EELm0ELm0ELm0ELh56ELb0EEELi0EEES6_E9sh_123  |  16|   0|   16|          0|
    |p_ZZ3firRN3hls6streamINS_4axisI6ap_intILi16EELm0ELm0ELm0ELh56ELb0EEELi0EEES6_E9sh_124  |  16|   0|   16|          0|
    |p_ZZ3firRN3hls6streamINS_4axisI6ap_intILi16EELm0ELm0ELm0ELh56ELb0EEELi0EEES6_E9sh_125  |  16|   0|   16|          0|
    |p_ZZ3firRN3hls6streamINS_4axisI6ap_intILi16EELm0ELm0ELm0ELh56ELb0EEELi0EEES6_E9sh_126  |  16|   0|   16|          0|
    |p_ZZ3firRN3hls6streamINS_4axisI6ap_intILi16EELm0ELm0ELm0ELh56ELb0EEELi0EEES6_E9sh_127  |  16|   0|   16|          0|
    |p_ZZ3firRN3hls6streamINS_4axisI6ap_intILi16EELm0ELm0ELm0ELh56ELb0EEELi0EEES6_E9sh_128  |  16|   0|   16|          0|
    |p_ZZ3firRN3hls6streamINS_4axisI6ap_intILi16EELm0ELm0ELm0ELh56ELb0EEELi0EEES6_E9sh_129  |  16|   0|   16|          0|
    |p_ZZ3firRN3hls6streamINS_4axisI6ap_intILi16EELm0ELm0ELm0ELh56ELb0EEELi0EEES6_E9sh_13   |  16|   0|   16|          0|
    |p_ZZ3firRN3hls6streamINS_4axisI6ap_intILi16EELm0ELm0ELm0ELh56ELb0EEELi0EEES6_E9sh_130  |  16|   0|   16|          0|
    |p_ZZ3firRN3hls6streamINS_4axisI6ap_intILi16EELm0ELm0ELm0ELh56ELb0EEELi0EEES6_E9sh_131  |  16|   0|   16|          0|
    |p_ZZ3firRN3hls6streamINS_4axisI6ap_intILi16EELm0ELm0ELm0ELh56ELb0EEELi0EEES6_E9sh_132  |  16|   0|   16|          0|
    |p_ZZ3firRN3hls6streamINS_4axisI6ap_intILi16EELm0ELm0ELm0ELh56ELb0EEELi0EEES6_E9sh_14   |  16|   0|   16|          0|
    |p_ZZ3firRN3hls6streamINS_4axisI6ap_intILi16EELm0ELm0ELm0ELh56ELb0EEELi0EEES6_E9sh_15   |  16|   0|   16|          0|
    |p_ZZ3firRN3hls6streamINS_4axisI6ap_intILi16EELm0ELm0ELm0ELh56ELb0EEELi0EEES6_E9sh_16   |  16|   0|   16|          0|
    |p_ZZ3firRN3hls6streamINS_4axisI6ap_intILi16EELm0ELm0ELm0ELh56ELb0EEELi0EEES6_E9sh_17   |  16|   0|   16|          0|
    |p_ZZ3firRN3hls6streamINS_4axisI6ap_intILi16EELm0ELm0ELm0ELh56ELb0EEELi0EEES6_E9sh_18   |  16|   0|   16|          0|
    |p_ZZ3firRN3hls6streamINS_4axisI6ap_intILi16EELm0ELm0ELm0ELh56ELb0EEELi0EEES6_E9sh_19   |  16|   0|   16|          0|
    |p_ZZ3firRN3hls6streamINS_4axisI6ap_intILi16EELm0ELm0ELm0ELh56ELb0EEELi0EEES6_E9sh_2    |  16|   0|   16|          0|
    |p_ZZ3firRN3hls6streamINS_4axisI6ap_intILi16EELm0ELm0ELm0ELh56ELb0EEELi0EEES6_E9sh_20   |  16|   0|   16|          0|
    |p_ZZ3firRN3hls6streamINS_4axisI6ap_intILi16EELm0ELm0ELm0ELh56ELb0EEELi0EEES6_E9sh_21   |  16|   0|   16|          0|
    |p_ZZ3firRN3hls6streamINS_4axisI6ap_intILi16EELm0ELm0ELm0ELh56ELb0EEELi0EEES6_E9sh_22   |  16|   0|   16|          0|
    |p_ZZ3firRN3hls6streamINS_4axisI6ap_intILi16EELm0ELm0ELm0ELh56ELb0EEELi0EEES6_E9sh_23   |  16|   0|   16|          0|
    |p_ZZ3firRN3hls6streamINS_4axisI6ap_intILi16EELm0ELm0ELm0ELh56ELb0EEELi0EEES6_E9sh_24   |  16|   0|   16|          0|
    |p_ZZ3firRN3hls6streamINS_4axisI6ap_intILi16EELm0ELm0ELm0ELh56ELb0EEELi0EEES6_E9sh_25   |  16|   0|   16|          0|
    |p_ZZ3firRN3hls6streamINS_4axisI6ap_intILi16EELm0ELm0ELm0ELh56ELb0EEELi0EEES6_E9sh_26   |  16|   0|   16|          0|
    |p_ZZ3firRN3hls6streamINS_4axisI6ap_intILi16EELm0ELm0ELm0ELh56ELb0EEELi0EEES6_E9sh_27   |  16|   0|   16|          0|
    |p_ZZ3firRN3hls6streamINS_4axisI6ap_intILi16EELm0ELm0ELm0ELh56ELb0EEELi0EEES6_E9sh_28   |  16|   0|   16|          0|
    |p_ZZ3firRN3hls6streamINS_4axisI6ap_intILi16EELm0ELm0ELm0ELh56ELb0EEELi0EEES6_E9sh_29   |  16|   0|   16|          0|
    |p_ZZ3firRN3hls6streamINS_4axisI6ap_intILi16EELm0ELm0ELm0ELh56ELb0EEELi0EEES6_E9sh_3    |  16|   0|   16|          0|
    |p_ZZ3firRN3hls6streamINS_4axisI6ap_intILi16EELm0ELm0ELm0ELh56ELb0EEELi0EEES6_E9sh_30   |  16|   0|   16|          0|
    |p_ZZ3firRN3hls6streamINS_4axisI6ap_intILi16EELm0ELm0ELm0ELh56ELb0EEELi0EEES6_E9sh_31   |  16|   0|   16|          0|
    |p_ZZ3firRN3hls6streamINS_4axisI6ap_intILi16EELm0ELm0ELm0ELh56ELb0EEELi0EEES6_E9sh_32   |  16|   0|   16|          0|
    |p_ZZ3firRN3hls6streamINS_4axisI6ap_intILi16EELm0ELm0ELm0ELh56ELb0EEELi0EEES6_E9sh_33   |  16|   0|   16|          0|
    |p_ZZ3firRN3hls6streamINS_4axisI6ap_intILi16EELm0ELm0ELm0ELh56ELb0EEELi0EEES6_E9sh_34   |  16|   0|   16|          0|
    |p_ZZ3firRN3hls6streamINS_4axisI6ap_intILi16EELm0ELm0ELm0ELh56ELb0EEELi0EEES6_E9sh_35   |  16|   0|   16|          0|
    |p_ZZ3firRN3hls6streamINS_4axisI6ap_intILi16EELm0ELm0ELm0ELh56ELb0EEELi0EEES6_E9sh_36   |  16|   0|   16|          0|
    |p_ZZ3firRN3hls6streamINS_4axisI6ap_intILi16EELm0ELm0ELm0ELh56ELb0EEELi0EEES6_E9sh_37   |  16|   0|   16|          0|
    |p_ZZ3firRN3hls6streamINS_4axisI6ap_intILi16EELm0ELm0ELm0ELh56ELb0EEELi0EEES6_E9sh_38   |  16|   0|   16|          0|
    |p_ZZ3firRN3hls6streamINS_4axisI6ap_intILi16EELm0ELm0ELm0ELh56ELb0EEELi0EEES6_E9sh_39   |  16|   0|   16|          0|
    |p_ZZ3firRN3hls6streamINS_4axisI6ap_intILi16EELm0ELm0ELm0ELh56ELb0EEELi0EEES6_E9sh_4    |  16|   0|   16|          0|
    |p_ZZ3firRN3hls6streamINS_4axisI6ap_intILi16EELm0ELm0ELm0ELh56ELb0EEELi0EEES6_E9sh_40   |  16|   0|   16|          0|
    |p_ZZ3firRN3hls6streamINS_4axisI6ap_intILi16EELm0ELm0ELm0ELh56ELb0EEELi0EEES6_E9sh_41   |  16|   0|   16|          0|
    |p_ZZ3firRN3hls6streamINS_4axisI6ap_intILi16EELm0ELm0ELm0ELh56ELb0EEELi0EEES6_E9sh_42   |  16|   0|   16|          0|
    |p_ZZ3firRN3hls6streamINS_4axisI6ap_intILi16EELm0ELm0ELm0ELh56ELb0EEELi0EEES6_E9sh_43   |  16|   0|   16|          0|
    |p_ZZ3firRN3hls6streamINS_4axisI6ap_intILi16EELm0ELm0ELm0ELh56ELb0EEELi0EEES6_E9sh_44   |  16|   0|   16|          0|
    |p_ZZ3firRN3hls6streamINS_4axisI6ap_intILi16EELm0ELm0ELm0ELh56ELb0EEELi0EEES6_E9sh_45   |  16|   0|   16|          0|
    |p_ZZ3firRN3hls6streamINS_4axisI6ap_intILi16EELm0ELm0ELm0ELh56ELb0EEELi0EEES6_E9sh_46   |  16|   0|   16|          0|
    |p_ZZ3firRN3hls6streamINS_4axisI6ap_intILi16EELm0ELm0ELm0ELh56ELb0EEELi0EEES6_E9sh_47   |  16|   0|   16|          0|
    |p_ZZ3firRN3hls6streamINS_4axisI6ap_intILi16EELm0ELm0ELm0ELh56ELb0EEELi0EEES6_E9sh_48   |  16|   0|   16|          0|
    |p_ZZ3firRN3hls6streamINS_4axisI6ap_intILi16EELm0ELm0ELm0ELh56ELb0EEELi0EEES6_E9sh_49   |  16|   0|   16|          0|
    |p_ZZ3firRN3hls6streamINS_4axisI6ap_intILi16EELm0ELm0ELm0ELh56ELb0EEELi0EEES6_E9sh_5    |  16|   0|   16|          0|
    |p_ZZ3firRN3hls6streamINS_4axisI6ap_intILi16EELm0ELm0ELm0ELh56ELb0EEELi0EEES6_E9sh_50   |  16|   0|   16|          0|
    |p_ZZ3firRN3hls6streamINS_4axisI6ap_intILi16EELm0ELm0ELm0ELh56ELb0EEELi0EEES6_E9sh_51   |  16|   0|   16|          0|
    |p_ZZ3firRN3hls6streamINS_4axisI6ap_intILi16EELm0ELm0ELm0ELh56ELb0EEELi0EEES6_E9sh_52   |  16|   0|   16|          0|
    |p_ZZ3firRN3hls6streamINS_4axisI6ap_intILi16EELm0ELm0ELm0ELh56ELb0EEELi0EEES6_E9sh_53   |  16|   0|   16|          0|
    |p_ZZ3firRN3hls6streamINS_4axisI6ap_intILi16EELm0ELm0ELm0ELh56ELb0EEELi0EEES6_E9sh_54   |  16|   0|   16|          0|
    |p_ZZ3firRN3hls6streamINS_4axisI6ap_intILi16EELm0ELm0ELm0ELh56ELb0EEELi0EEES6_E9sh_55   |  16|   0|   16|          0|
    |p_ZZ3firRN3hls6streamINS_4axisI6ap_intILi16EELm0ELm0ELm0ELh56ELb0EEELi0EEES6_E9sh_56   |  16|   0|   16|          0|
    |p_ZZ3firRN3hls6streamINS_4axisI6ap_intILi16EELm0ELm0ELm0ELh56ELb0EEELi0EEES6_E9sh_57   |  16|   0|   16|          0|
    |p_ZZ3firRN3hls6streamINS_4axisI6ap_intILi16EELm0ELm0ELm0ELh56ELb0EEELi0EEES6_E9sh_58   |  16|   0|   16|          0|
    |p_ZZ3firRN3hls6streamINS_4axisI6ap_intILi16EELm0ELm0ELm0ELh56ELb0EEELi0EEES6_E9sh_59   |  16|   0|   16|          0|
    |p_ZZ3firRN3hls6streamINS_4axisI6ap_intILi16EELm0ELm0ELm0ELh56ELb0EEELi0EEES6_E9sh_6    |  16|   0|   16|          0|
    |p_ZZ3firRN3hls6streamINS_4axisI6ap_intILi16EELm0ELm0ELm0ELh56ELb0EEELi0EEES6_E9sh_60   |  16|   0|   16|          0|
    |p_ZZ3firRN3hls6streamINS_4axisI6ap_intILi16EELm0ELm0ELm0ELh56ELb0EEELi0EEES6_E9sh_61   |  16|   0|   16|          0|
    |p_ZZ3firRN3hls6streamINS_4axisI6ap_intILi16EELm0ELm0ELm0ELh56ELb0EEELi0EEES6_E9sh_62   |  16|   0|   16|          0|
    |p_ZZ3firRN3hls6streamINS_4axisI6ap_intILi16EELm0ELm0ELm0ELh56ELb0EEELi0EEES6_E9sh_63   |  16|   0|   16|          0|
    |p_ZZ3firRN3hls6streamINS_4axisI6ap_intILi16EELm0ELm0ELm0ELh56ELb0EEELi0EEES6_E9sh_64   |  16|   0|   16|          0|
    |p_ZZ3firRN3hls6streamINS_4axisI6ap_intILi16EELm0ELm0ELm0ELh56ELb0EEELi0EEES6_E9sh_65   |  16|   0|   16|          0|
    |p_ZZ3firRN3hls6streamINS_4axisI6ap_intILi16EELm0ELm0ELm0ELh56ELb0EEELi0EEES6_E9sh_66   |  16|   0|   16|          0|
    |p_ZZ3firRN3hls6streamINS_4axisI6ap_intILi16EELm0ELm0ELm0ELh56ELb0EEELi0EEES6_E9sh_67   |  16|   0|   16|          0|
    |p_ZZ3firRN3hls6streamINS_4axisI6ap_intILi16EELm0ELm0ELm0ELh56ELb0EEELi0EEES6_E9sh_68   |  16|   0|   16|          0|
    |p_ZZ3firRN3hls6streamINS_4axisI6ap_intILi16EELm0ELm0ELm0ELh56ELb0EEELi0EEES6_E9sh_69   |  16|   0|   16|          0|
    |p_ZZ3firRN3hls6streamINS_4axisI6ap_intILi16EELm0ELm0ELm0ELh56ELb0EEELi0EEES6_E9sh_7    |  16|   0|   16|          0|
    |p_ZZ3firRN3hls6streamINS_4axisI6ap_intILi16EELm0ELm0ELm0ELh56ELb0EEELi0EEES6_E9sh_70   |  16|   0|   16|          0|
    |p_ZZ3firRN3hls6streamINS_4axisI6ap_intILi16EELm0ELm0ELm0ELh56ELb0EEELi0EEES6_E9sh_71   |  16|   0|   16|          0|
    |p_ZZ3firRN3hls6streamINS_4axisI6ap_intILi16EELm0ELm0ELm0ELh56ELb0EEELi0EEES6_E9sh_72   |  16|   0|   16|          0|
    |p_ZZ3firRN3hls6streamINS_4axisI6ap_intILi16EELm0ELm0ELm0ELh56ELb0EEELi0EEES6_E9sh_73   |  16|   0|   16|          0|
    |p_ZZ3firRN3hls6streamINS_4axisI6ap_intILi16EELm0ELm0ELm0ELh56ELb0EEELi0EEES6_E9sh_74   |  16|   0|   16|          0|
    |p_ZZ3firRN3hls6streamINS_4axisI6ap_intILi16EELm0ELm0ELm0ELh56ELb0EEELi0EEES6_E9sh_75   |  16|   0|   16|          0|
    |p_ZZ3firRN3hls6streamINS_4axisI6ap_intILi16EELm0ELm0ELm0ELh56ELb0EEELi0EEES6_E9sh_76   |  16|   0|   16|          0|
    |p_ZZ3firRN3hls6streamINS_4axisI6ap_intILi16EELm0ELm0ELm0ELh56ELb0EEELi0EEES6_E9sh_77   |  16|   0|   16|          0|
    |p_ZZ3firRN3hls6streamINS_4axisI6ap_intILi16EELm0ELm0ELm0ELh56ELb0EEELi0EEES6_E9sh_78   |  16|   0|   16|          0|
    |p_ZZ3firRN3hls6streamINS_4axisI6ap_intILi16EELm0ELm0ELm0ELh56ELb0EEELi0EEES6_E9sh_79   |  16|   0|   16|          0|
    |p_ZZ3firRN3hls6streamINS_4axisI6ap_intILi16EELm0ELm0ELm0ELh56ELb0EEELi0EEES6_E9sh_8    |  16|   0|   16|          0|
    |p_ZZ3firRN3hls6streamINS_4axisI6ap_intILi16EELm0ELm0ELm0ELh56ELb0EEELi0EEES6_E9sh_80   |  16|   0|   16|          0|
    |p_ZZ3firRN3hls6streamINS_4axisI6ap_intILi16EELm0ELm0ELm0ELh56ELb0EEELi0EEES6_E9sh_81   |  16|   0|   16|          0|
    |p_ZZ3firRN3hls6streamINS_4axisI6ap_intILi16EELm0ELm0ELm0ELh56ELb0EEELi0EEES6_E9sh_82   |  16|   0|   16|          0|
    |p_ZZ3firRN3hls6streamINS_4axisI6ap_intILi16EELm0ELm0ELm0ELh56ELb0EEELi0EEES6_E9sh_83   |  16|   0|   16|          0|
    |p_ZZ3firRN3hls6streamINS_4axisI6ap_intILi16EELm0ELm0ELm0ELh56ELb0EEELi0EEES6_E9sh_84   |  16|   0|   16|          0|
    |p_ZZ3firRN3hls6streamINS_4axisI6ap_intILi16EELm0ELm0ELm0ELh56ELb0EEELi0EEES6_E9sh_85   |  16|   0|   16|          0|
    |p_ZZ3firRN3hls6streamINS_4axisI6ap_intILi16EELm0ELm0ELm0ELh56ELb0EEELi0EEES6_E9sh_86   |  16|   0|   16|          0|
    |p_ZZ3firRN3hls6streamINS_4axisI6ap_intILi16EELm0ELm0ELm0ELh56ELb0EEELi0EEES6_E9sh_87   |  16|   0|   16|          0|
    |p_ZZ3firRN3hls6streamINS_4axisI6ap_intILi16EELm0ELm0ELm0ELh56ELb0EEELi0EEES6_E9sh_88   |  16|   0|   16|          0|
    |p_ZZ3firRN3hls6streamINS_4axisI6ap_intILi16EELm0ELm0ELm0ELh56ELb0EEELi0EEES6_E9sh_89   |  16|   0|   16|          0|
    |p_ZZ3firRN3hls6streamINS_4axisI6ap_intILi16EELm0ELm0ELm0ELh56ELb0EEELi0EEES6_E9sh_9    |  16|   0|   16|          0|
    |p_ZZ3firRN3hls6streamINS_4axisI6ap_intILi16EELm0ELm0ELm0ELh56ELb0EEELi0EEES6_E9sh_90   |  16|   0|   16|          0|
    |p_ZZ3firRN3hls6streamINS_4axisI6ap_intILi16EELm0ELm0ELm0ELh56ELb0EEELi0EEES6_E9sh_91   |  16|   0|   16|          0|
    |p_ZZ3firRN3hls6streamINS_4axisI6ap_intILi16EELm0ELm0ELm0ELh56ELb0EEELi0EEES6_E9sh_92   |  16|   0|   16|          0|
    |p_ZZ3firRN3hls6streamINS_4axisI6ap_intILi16EELm0ELm0ELm0ELh56ELb0EEELi0EEES6_E9sh_93   |  16|   0|   16|          0|
    |p_ZZ3firRN3hls6streamINS_4axisI6ap_intILi16EELm0ELm0ELm0ELh56ELb0EEELi0EEES6_E9sh_94   |  16|   0|   16|          0|
    |p_ZZ3firRN3hls6streamINS_4axisI6ap_intILi16EELm0ELm0ELm0ELh56ELb0EEELi0EEES6_E9sh_95   |  16|   0|   16|          0|
    |p_ZZ3firRN3hls6streamINS_4axisI6ap_intILi16EELm0ELm0ELm0ELh56ELb0EEELi0EEES6_E9sh_96   |  16|   0|   16|          0|
    |p_ZZ3firRN3hls6streamINS_4axisI6ap_intILi16EELm0ELm0ELm0ELh56ELb0EEELi0EEES6_E9sh_97   |  16|   0|   16|          0|
    |p_ZZ3firRN3hls6streamINS_4axisI6ap_intILi16EELm0ELm0ELm0ELh56ELb0EEELi0EEES6_E9sh_98   |  16|   0|   16|          0|
    |p_ZZ3firRN3hls6streamINS_4axisI6ap_intILi16EELm0ELm0ELm0ELh56ELb0EEELi0EEES6_E9sh_99   |  16|   0|   16|          0|
    |tmp_1_reg_2492                                                                         |   1|   0|    1|          0|
    |tmp_1_reg_2492_pp0_iter1_reg                                                           |   1|   0|    1|          0|
    |tmp_reg_2510                                                                           |  16|   0|   16|          0|
    |trunc_ln24_reg_2496                                                                    |   7|   0|    7|          0|
    +---------------------------------------------------------------------------------------+----+----+-----+-----------+
    |Total                                                                                  |2171|   0| 2171|          0|
    +---------------------------------------------------------------------------------------+----+----+-----+-----------+



================================================================
== Interface
================================================================
* Summary: 
+----------------+-----+-----+------------+-------------------------------+--------------+
|    RTL Ports   | Dir | Bits|  Protocol  |         Source Object         |    C Type    |
+----------------+-----+-----+------------+-------------------------------+--------------+
|ap_clk          |   in|    1|  ap_ctrl_hs|  fir_Pipeline_Shift_Accum_Loop|  return value|
|ap_rst          |   in|    1|  ap_ctrl_hs|  fir_Pipeline_Shift_Accum_Loop|  return value|
|ap_start        |   in|    1|  ap_ctrl_hs|  fir_Pipeline_Shift_Accum_Loop|  return value|
|ap_done         |  out|    1|  ap_ctrl_hs|  fir_Pipeline_Shift_Accum_Loop|  return value|
|ap_idle         |  out|    1|  ap_ctrl_hs|  fir_Pipeline_Shift_Accum_Loop|  return value|
|ap_ready        |  out|    1|  ap_ctrl_hs|  fir_Pipeline_Shift_Accum_Loop|  return value|
|mul_i29         |   in|   20|     ap_none|                        mul_i29|        scalar|
|in_sample_data  |   in|   16|     ap_none|                 in_sample_data|        scalar|
|acc_out         |  out|   16|      ap_vld|                        acc_out|       pointer|
|acc_out_ap_vld  |  out|    1|      ap_vld|                        acc_out|       pointer|
+----------------+-----+-----+------------+-------------------------------+--------------+

