

================================================================
== Vitis HLS Report for 'fir_Pipeline_MAC_Loop_1'
================================================================
* Date:           Tue May 12 23:58:29 2026

* Version:        2023.2 (Build 4023990 on Oct 11 2023)
* Project:        fir128
* Solution:       solution1 (Vivado IP Flow Target)
* Product family: zynq
* Target device:  xc7z010-clg225-1


================================================================
== Performance Estimates
================================================================
+ Timing: 
    * Summary: 
    +--------+----------+----------+------------+
    |  Clock |  Target  | Estimated| Uncertainty|
    +--------+----------+----------+------------+
    |ap_clk  |  10.00 ns|  6.712 ns|     2.70 ns|
    +--------+----------+----------+------------+

+ Latency: 
    * Summary: 
    +---------+---------+----------+----------+-----+-----+---------+
    |  Latency (cycles) |  Latency (absolute) |  Interval | Pipeline|
    |   min   |   max   |    min   |    max   | min | max |   Type  |
    +---------+---------+----------+----------+-----+-----+---------+
    |      133|      133|  1.330 us|  1.330 us|  133|  133|       no|
    +---------+---------+----------+----------+-----+-----+---------+

    + Detail: 
        * Instance: 
        N/A

        * Loop: 
        +--------------+---------+---------+----------+-----------+-----------+------+----------+
        |              |  Latency (cycles) | Iteration|  Initiation Interval  | Trip |          |
        |   Loop Name  |   min   |   max   |  Latency |  achieved |   target  | Count| Pipelined|
        +--------------+---------+---------+----------+-----------+-----------+------+----------+
        |- MAC_Loop_1  |      131|      131|         5|          1|          1|   128|       yes|
        +--------------+---------+---------+----------+-----------+-----------+------+----------+



================================================================
== Utilization Estimates
================================================================
* Summary: 
+-----------------+---------+----+-------+-------+-----+
|       Name      | BRAM_18K| DSP|   FF  |  LUT  | URAM|
+-----------------+---------+----+-------+-------+-----+
|DSP              |        -|   2|      -|      -|    -|
|Expression       |        -|   -|      0|     45|    -|
|FIFO             |        -|   -|      -|      -|    -|
|Instance         |        -|   -|      -|      -|    -|
|Memory           |        -|   -|      -|      -|    -|
|Multiplexer      |        -|   -|      -|     72|    -|
|Register         |        -|   -|    146|     32|    -|
+-----------------+---------+----+-------+-------+-----+
|Total            |        0|   2|    146|    149|    0|
+-----------------+---------+----+-------+-------+-----+
|Available        |      120|  80|  35200|  17600|    0|
+-----------------+---------+----+-------+-------+-----+
|Utilization (%)  |        0|   2|     ~0|     ~0|    0|
+-----------------+---------+----+-------+-------+-----+

+ Detail: 
    * Instance: 
    N/A

    * DSP: 
    +------------------------------------+--------------------------------+--------------+
    |              Instance              |             Module             |  Expression  |
    +------------------------------------+--------------------------------+--------------+
    |mac_muladd_16s_16s_32ns_32_4_1_U10  |mac_muladd_16s_16s_32ns_32_4_1  |  i0 * i1 + i2|
    |mac_muladd_16s_16s_32ns_32_4_1_U11  |mac_muladd_16s_16s_32ns_32_4_1  |  i0 * i1 + i2|
    +------------------------------------+--------------------------------+--------------+

    * Memory: 
    N/A

    * FIFO: 
    N/A

    * Expression: 
    +---------------------+----------+----+---+----+------------+------------+
    |    Variable Name    | Operation| DSP| FF| LUT| Bitwidth P0| Bitwidth P1|
    +---------------------+----------+----+---+----+------------+------------+
    |add_ln51_fu_167_p2   |         +|   0|  0|  15|           8|           1|
    |idx_fu_182_p2        |         -|   0|  0|  14|           7|           7|
    |icmp_ln51_fu_161_p2  |      icmp|   0|  0|  14|           8|           9|
    |ap_enable_pp0        |       xor|   0|  0|   2|           1|           2|
    +---------------------+----------+----+---+----+------------+------------+
    |Total                |          |   0|  0|  45|          24|          19|
    +---------------------+----------+----+---+----+------------+------------+

    * Multiplexer: 
    +---------------------------+----+-----------+-----+-----------+
    |            Name           | LUT| Input Size| Bits| Total Bits|
    +---------------------------+----+-----------+-----+-----------+
    |acc_i1_fu_72               |   9|          2|   32|         64|
    |acc_q1_fu_76               |   9|          2|   32|         64|
    |ap_done_int                |   9|          2|    1|          2|
    |ap_enable_reg_pp0_iter4    |   9|          2|    1|          2|
    |ap_sig_allocacmp_acc_i1_2  |   9|          2|   32|         64|
    |ap_sig_allocacmp_acc_q1_2  |   9|          2|   32|         64|
    |ap_sig_allocacmp_i_1       |   9|          2|    8|         16|
    |i_fu_80                    |   9|          2|    8|         16|
    +---------------------------+----+-----------+-----+-----------+
    |Total                      |  72|         16|  146|        292|
    +---------------------------+----+-----------+-----+-----------+

    * Register: 
    +----------------------------------+----+----+-----+-----------+
    |               Name               | FF | LUT| Bits| Const Bits|
    +----------------------------------+----+----+-----+-----------+
    |acc_i1_fu_72                      |  32|   0|   32|          0|
    |acc_q1_fu_76                      |  32|   0|   32|          0|
    |ap_CS_fsm                         |   1|   0|    1|          0|
    |ap_done_reg                       |   1|   0|    1|          0|
    |ap_enable_reg_pp0_iter1           |   1|   0|    1|          0|
    |ap_enable_reg_pp0_iter2           |   1|   0|    1|          0|
    |ap_enable_reg_pp0_iter3           |   1|   0|    1|          0|
    |ap_enable_reg_pp0_iter4           |   1|   0|    1|          0|
    |ap_loop_exit_ready_pp0_iter1_reg  |   1|   0|    1|          0|
    |ap_loop_exit_ready_pp0_iter2_reg  |   1|   0|    1|          0|
    |ap_loop_exit_ready_pp0_iter3_reg  |   1|   0|    1|          0|
    |i_fu_80                           |   8|   0|    8|          0|
    |icmp_ln51_reg_274                 |   1|   0|    1|          0|
    |icmp_ln51_reg_274                 |  64|  32|    1|          0|
    +----------------------------------+----+----+-----+-----------+
    |Total                             | 146|  32|   83|          0|
    +----------------------------------+----+----+-----+-----------+



================================================================
== Interface
================================================================
* Summary: 
+-------------------+-----+-----+------------+-------------------------+--------------+
|     RTL Ports     | Dir | Bits|  Protocol  |      Source Object      |    C Type    |
+-------------------+-----+-----+------------+-------------------------+--------------+
|ap_clk             |   in|    1|  ap_ctrl_hs|  fir_Pipeline_MAC_Loop_1|  return value|
|ap_rst             |   in|    1|  ap_ctrl_hs|  fir_Pipeline_MAC_Loop_1|  return value|
|ap_start           |   in|    1|  ap_ctrl_hs|  fir_Pipeline_MAC_Loop_1|  return value|
|ap_done            |  out|    1|  ap_ctrl_hs|  fir_Pipeline_MAC_Loop_1|  return value|
|ap_idle            |  out|    1|  ap_ctrl_hs|  fir_Pipeline_MAC_Loop_1|  return value|
|ap_ready           |  out|    1|  ap_ctrl_hs|  fir_Pipeline_MAC_Loop_1|  return value|
|add_ln41           |   in|    7|     ap_none|                 add_ln41|        scalar|
|coeffs_address0    |  out|    7|   ap_memory|                   coeffs|         array|
|coeffs_ce0         |  out|    1|   ap_memory|                   coeffs|         array|
|coeffs_q0          |   in|   16|   ap_memory|                   coeffs|         array|
|acc_q1_out         |  out|   16|      ap_vld|               acc_q1_out|       pointer|
|acc_q1_out_ap_vld  |  out|    1|      ap_vld|               acc_q1_out|       pointer|
|acc_i1_out         |  out|   16|      ap_vld|               acc_i1_out|       pointer|
|acc_i1_out_ap_vld  |  out|    1|      ap_vld|               acc_i1_out|       pointer|
|shift_i_address0   |  out|    7|   ap_memory|                  shift_i|         array|
|shift_i_ce0        |  out|    1|   ap_memory|                  shift_i|         array|
|shift_i_q0         |   in|   16|   ap_memory|                  shift_i|         array|
|shift_q_address0   |  out|    7|   ap_memory|                  shift_q|         array|
|shift_q_ce0        |  out|    1|   ap_memory|                  shift_q|         array|
|shift_q_q0         |   in|   16|   ap_memory|                  shift_q|         array|
+-------------------+-----+-----+------------+-------------------------+--------------+

