

================================================================
== Vitis HLS Report for 'fir'
================================================================
* Date:           Fri May  1 13:35:30 2026

* Version:        2023.2 (Build 4023990 on Oct 11 2023)
* Project:        fir128
* Solution:       solution1 (Vivado IP Flow Target)
* Product family: zynq
* Target device:  xc7z010-clg400-1


================================================================
== Performance Estimates
================================================================
+ Timing: 
    * Summary: 
    +--------+----------+----------+------------+
    |  Clock |  Target  | Estimated| Uncertainty|
    +--------+----------+----------+------------+
    |ap_clk  |  10.00 ns|  7.168 ns|     2.70 ns|
    +--------+----------+----------+------------+

+ Latency: 
    * Summary: 
    +---------+---------+----------+----------+-----+-----+---------+
    |  Latency (cycles) |  Latency (absolute) |  Interval | Pipeline|
    |   min   |   max   |    min   |    max   | min | max |   Type  |
    +---------+---------+----------+----------+-----+-----+---------+
    |      263|      263|  2.630 us|  2.630 us|  264|  264|       no|
    +---------+---------+----------+----------+-----+-----+---------+

    + Detail: 
        * Instance: 
        +------------------------------------------+-------------------------------+---------+---------+----------+----------+-----+-----+---------+
        |                                          |                               |  Latency (cycles) |  Latency (absolute) |  Interval | Pipeline|
        |                 Instance                 |             Module            |   min   |   max   |    min   |    max   | min | max |   Type  |
        +------------------------------------------+-------------------------------+---------+---------+----------+----------+-----+-----+---------+
        |grp_fir_Pipeline_Shift_Accum_Loop_fu_353  |fir_Pipeline_Shift_Accum_Loop  |      260|      260|  2.600 us|  2.600 us|  260|  260|       no|
        +------------------------------------------+-------------------------------+---------+---------+----------+----------+-----+-----+---------+

        * Loop: 
        N/A



================================================================
== Utilization Estimates
================================================================
* Summary: 
+-----------------+---------+----+-------+-------+-----+
|       Name      | BRAM_18K| DSP|   FF  |  LUT  | URAM|
+-----------------+---------+----+-------+-------+-----+
|DSP              |        -|   -|      -|      -|    -|
|Expression       |        -|   -|      0|     29|    -|
|FIFO             |        -|   -|      -|      -|    -|
|Instance         |        0|   1|   2176|    833|    -|
|Memory           |        -|   -|      -|      -|    -|
|Multiplexer      |        -|   -|      -|     43|    -|
|Register         |        -|   -|     59|      -|    -|
+-----------------+---------+----+-------+-------+-----+
|Total            |        0|   1|   2235|    905|    0|
+-----------------+---------+----+-------+-------+-----+
|Available        |      120|  80|  35200|  17600|    0|
+-----------------+---------+----+-------+-------+-----+
|Utilization (%)  |        0|   1|      6|      5|    0|
+-----------------+---------+----+-------+-------+-----+

+ Detail: 
    * Instance: 
    +------------------------------------------+-------------------------------+---------+----+------+-----+-----+
    |                 Instance                 |             Module            | BRAM_18K| DSP|  FF  | LUT | URAM|
    +------------------------------------------+-------------------------------+---------+----+------+-----+-----+
    |grp_fir_Pipeline_Shift_Accum_Loop_fu_353  |fir_Pipeline_Shift_Accum_Loop  |        0|   1|  2176|  833|    0|
    +------------------------------------------+-------------------------------+---------+----+------+-----+-----+
    |Total                                     |                               |        0|   1|  2176|  833|    0|
    +------------------------------------------+-------------------------------+---------+----+------+-----+-----+

    * DSP: 
    N/A

    * Memory: 
    N/A

    * FIFO: 
    N/A

    * Expression: 
    +-------------------+----------+----+---+----+------------+------------+
    |   Variable Name   | Operation| DSP| FF| LUT| Bitwidth P0| Bitwidth P1|
    +-------------------+----------+----+---+----+------------+------------+
    |mul_i29_fu_653_p2  |         +|   0|  0|  27|          20|          20|
    |ap_block_state4    |        or|   0|  0|   2|           1|           1|
    +-------------------+----------+----+---+----+------------+------------+
    |Total              |          |   0|  0|  29|          21|          21|
    +-------------------+----------+----+---+----+------------+------------+

    * Multiplexer: 
    +---------------+----+-----------+-----+-----------+
    |      Name     | LUT| Input Size| Bits| Total Bits|
    +---------------+----+-----------+-----+-----------+
    |ap_NS_fsm      |  25|          5|    1|          5|
    |x_TDATA_blk_n  |   9|          2|    1|          2|
    |y_TDATA_blk_n  |   9|          2|    1|          2|
    +---------------+----+-----------+-----+-----------+
    |Total          |  43|          9|    3|          9|
    +---------------+----+-----------+-----+-----------+

    * Register: 
    +-------------------------------------------------------+----+----+-----+-----------+
    |                          Name                         | FF | LUT| Bits| Const Bits|
    +-------------------------------------------------------+----+----+-----+-----------+
    |acc_loc_fu_320                                         |  16|   0|   16|          0|
    |ap_CS_fsm                                              |   4|   0|    4|          0|
    |grp_fir_Pipeline_Shift_Accum_Loop_fu_353_ap_start_reg  |   1|   0|    1|          0|
    |in_sample_data_reg_670                                 |  16|   0|   16|          0|
    |in_sample_keep_reg_675                                 |   2|   0|    2|          0|
    |in_sample_last_reg_680                                 |   1|   0|    1|          0|
    |mul_i29_reg_685                                        |  19|   0|   20|          1|
    +-------------------------------------------------------+----+----+-----+-----------+
    |Total                                                  |  59|   0|   60|          1|
    +-------------------------------------------------------+----+----+-----+-----------+



================================================================
== Interface
================================================================
* Summary: 
+----------+-----+-----+--------------+--------------+--------------+
| RTL Ports| Dir | Bits|   Protocol   | Source Object|    C Type    |
+----------+-----+-----+--------------+--------------+--------------+
|ap_clk    |   in|    1|  ap_ctrl_none|           fir|  return value|
|ap_rst_n  |   in|    1|  ap_ctrl_none|           fir|  return value|
|y_TDATA   |  out|   16|          axis|    y_V_data_V|       pointer|
|y_TVALID  |  out|    1|          axis|    y_V_last_V|       pointer|
|y_TREADY  |   in|    1|          axis|    y_V_last_V|       pointer|
|y_TLAST   |  out|    1|          axis|    y_V_last_V|       pointer|
|y_TKEEP   |  out|    2|          axis|    y_V_keep_V|       pointer|
|y_TSTRB   |  out|    2|          axis|    y_V_strb_V|       pointer|
|x_TDATA   |   in|   16|          axis|    x_V_data_V|       pointer|
|x_TVALID  |   in|    1|          axis|    x_V_last_V|       pointer|
|x_TREADY  |  out|    1|          axis|    x_V_last_V|       pointer|
|x_TLAST   |   in|    1|          axis|    x_V_last_V|       pointer|
|x_TKEEP   |   in|    2|          axis|    x_V_keep_V|       pointer|
|x_TSTRB   |   in|    2|          axis|    x_V_strb_V|       pointer|
+----------+-----+-----+--------------+--------------+--------------+

