

================================================================
== Vitis HLS Report for 'fir_Pipeline_MAC_Loop_1'
================================================================
* Date:           Thu May 14 01:34:12 2026

* Version:        2023.2 (Build 4023990 on Oct 11 2023)
* Project:        fir128
* Solution:       solution1 (Vivado IP Flow Target)
* Product family: zynq
* Target device:  xc7z010-clg225-1


================================================================
== Performance Estimates
================================================================
+ Timing: 
    * Summary: 
    +--------+---------+----------+------------+
    |  Clock |  Target | Estimated| Uncertainty|
    +--------+---------+----------+------------+
    |ap_clk  |  8.00 ns|  5.124 ns|     1.00 ns|
    +--------+---------+----------+------------+

+ Latency: 
    * Summary: 
    +---------+---------+----------+----------+-----+-----+---------+
    |  Latency (cycles) |  Latency (absolute) |  Interval | Pipeline|
    |   min   |   max   |    min   |    max   | min | max |   Type  |
    +---------+---------+----------+----------+-----+-----+---------+
    |      770|      770|  6.160 us|  6.160 us|  770|  770|       no|
    +---------+---------+----------+----------+-----+-----+---------+

    + Detail: 
        * Instance: 
        N/A

        * Loop: 
        +--------------+---------+---------+----------+-----------+-----------+------+----------+
        |              |  Latency (cycles) | Iteration|  Initiation Interval  | Trip |          |
        |   Loop Name  |   min   |   max   |  Latency |  achieved |   target  | Count| Pipelined|
        +--------------+---------+---------+----------+-----------+-----------+------+----------+
        |- MAC_Loop_1  |      768|      768|         6|          6|         16|   128|       yes|
        +--------------+---------+---------+----------+-----------+-----------+------+----------+



================================================================
== Utilization Estimates
================================================================
* Summary: 
+-----------------+---------+----+-------+-------+-----+
|       Name      | BRAM_18K| DSP|   FF  |  LUT  | URAM|
+-----------------+---------+----+-------+-------+-----+
|DSP              |        -|   2|      -|      -|    -|
|Expression       |        -|   -|      0|     61|    -|
|FIFO             |        -|   -|      -|      -|    -|
|Instance         |        -|   -|      -|      -|    -|
|Memory           |        -|   -|      -|      -|    -|
|Multiplexer      |        -|   -|      -|    100|    -|
|Register         |        -|   -|    194|      -|    -|
+-----------------+---------+----+-------+-------+-----+
|Total            |        0|   2|    194|    161|    0|
+-----------------+---------+----+-------+-------+-----+
|Available        |      120|  80|  35200|  17600|    0|
+-----------------+---------+----+-------+-------+-----+
|Utilization (%)  |        0|   2|     ~0|     ~0|    0|
+-----------------+---------+----+-------+-------+-----+

+ Detail: 
    * Instance: 
    N/A

    * DSP: 
    +------------------------------------+--------------------------------+--------------+
    |              Instance              |             Module             |  Expression  |
    +------------------------------------+--------------------------------+--------------+
    |mac_muladd_16s_16s_32ns_32_4_1_U14  |mac_muladd_16s_16s_32ns_32_4_1  |  i0 * i1 + i2|
    |mac_muladd_16s_16s_32ns_32_4_1_U15  |mac_muladd_16s_16s_32ns_32_4_1  |  i0 * i1 + i2|
    +------------------------------------+--------------------------------+--------------+

    * Memory: 
    N/A

    * FIFO: 
    N/A

    * Expression: 
    +-----------------------+----------+----+---+----+------------+------------+
    |     Variable Name     | Operation| DSP| FF| LUT| Bitwidth P0| Bitwidth P1|
    +-----------------------+----------+----+---+----+------------+------------+
    |add_ln55_fu_180_p2     |         +|   0|  0|  15|           8|           1|
    |idx_fu_210_p2          |         -|   0|  0|  14|           7|           7|
    |icmp_ln55_fu_174_p2    |      icmp|   0|  0|  14|           8|           9|
    |select_ln58_fu_230_p3  |    select|   0|  0|  16|           1|          16|
    |ap_enable_pp0          |       xor|   0|  0|   2|           1|           2|
    +-----------------------+----------+----+---+----+------------+------------+
    |Total                  |          |   0|  0|  61|          25|          35|
    +-----------------------+----------+----+---+----+------------+------------+

    * Multiplexer: 
    +-----------------------------+----+-----------+-----+-----------+
    |             Name            | LUT| Input Size| Bits| Total Bits|
    +-----------------------------+----+-----------+-----+-----------+
    |acc_i1_fu_56                 |   9|          2|   32|         64|
    |acc_q1_fu_60                 |   9|          2|   32|         64|
    |ap_NS_fsm                    |  37|          7|    1|          7|
    |ap_done_int                  |   9|          2|    1|          2|
    |ap_enable_reg_pp0_iter0      |   9|          2|    1|          2|
    |ap_enable_reg_pp0_iter0_reg  |   9|          2|    1|          2|
    |ap_enable_reg_pp0_iter1      |   9|          2|    1|          2|
    |i_fu_64                      |   9|          2|    8|         16|
    +-----------------------------+----+-----------+-----+-----------+
    |Total                        | 100|         21|   77|        159|
    +-----------------------------+----+-----------+-----+-----------+

    * Register: 
    +-----------------------------+----+----+-----+-----------+
    |             Name            | FF | LUT| Bits| Const Bits|
    +-----------------------------+----+----+-----+-----------+
    |acc_i1_2_reg_293             |  32|   0|   32|          0|
    |acc_i1_fu_56                 |  32|   0|   32|          0|
    |acc_q1_2_reg_298             |  32|   0|   32|          0|
    |acc_q1_fu_60                 |  32|   0|   32|          0|
    |ap_CS_fsm                    |   6|   0|    6|          0|
    |ap_done_reg                  |   1|   0|    1|          0|
    |ap_enable_reg_pp0_iter0_reg  |   1|   0|    1|          0|
    |ap_enable_reg_pp0_iter1      |   1|   0|    1|          0|
    |i_fu_64                      |   8|   0|    8|          0|
    |sext_ln58_1_reg_336          |  32|   0|   32|          0|
    |shift_q_load_reg_342         |  16|   0|   16|          0|
    |trunc_ln55_2_reg_306         |   1|   0|    1|          0|
    +-----------------------------+----+----+-----+-----------+
    |Total                        | 194|   0|  194|          0|
    +-----------------------------+----+----+-----+-----------+



================================================================
== Interface
================================================================
* Summary: 
+-------------------+-----+-----+------------+-------------------------+--------------+
|     RTL Ports     | Dir | Bits|  Protocol  |      Source Object      |    C Type    |
+-------------------+-----+-----+------------+-------------------------+--------------+
|ap_clk             |   in|    1|  ap_ctrl_hs|  fir_Pipeline_MAC_Loop_1|  return value|
|ap_rst             |   in|    1|  ap_ctrl_hs|  fir_Pipeline_MAC_Loop_1|  return value|
|ap_start           |   in|    1|  ap_ctrl_hs|  fir_Pipeline_MAC_Loop_1|  return value|
|ap_done            |  out|    1|  ap_ctrl_hs|  fir_Pipeline_MAC_Loop_1|  return value|
|ap_idle            |  out|    1|  ap_ctrl_hs|  fir_Pipeline_MAC_Loop_1|  return value|
|ap_ready           |  out|    1|  ap_ctrl_hs|  fir_Pipeline_MAC_Loop_1|  return value|
|ptr1               |   in|    7|     ap_none|                     ptr1|        scalar|
|c_address0         |  out|    6|   ap_memory|                        c|         array|
|c_ce0              |  out|    1|   ap_memory|                        c|         array|
|c_q0               |   in|   16|   ap_memory|                        c|         array|
|c_1_address0       |  out|    6|   ap_memory|                      c_1|         array|
|c_1_ce0            |  out|    1|   ap_memory|                      c_1|         array|
|c_1_q0             |   in|   16|   ap_memory|                      c_1|         array|
|acc_q1_out         |  out|   16|      ap_vld|               acc_q1_out|       pointer|
|acc_q1_out_ap_vld  |  out|    1|      ap_vld|               acc_q1_out|       pointer|
|acc_i1_out         |  out|   16|      ap_vld|               acc_i1_out|       pointer|
|acc_i1_out_ap_vld  |  out|    1|      ap_vld|               acc_i1_out|       pointer|
|shift_i_address0   |  out|    7|   ap_memory|                  shift_i|         array|
|shift_i_ce0        |  out|    1|   ap_memory|                  shift_i|         array|
|shift_i_q0         |   in|   16|   ap_memory|                  shift_i|         array|
|shift_q_address0   |  out|    7|   ap_memory|                  shift_q|         array|
|shift_q_ce0        |  out|    1|   ap_memory|                  shift_q|         array|
|shift_q_q0         |   in|   16|   ap_memory|                  shift_q|         array|
+-------------------+-----+-----+------------+-------------------------+--------------+

