

================================================================
== Vitis HLS Report for 'fir'
================================================================
* Date:           Fri May  1 13:57:34 2026

* Version:        2023.2 (Build 4023990 on Oct 11 2023)
* Project:        fir128
* Solution:       solution1 (Vivado IP Flow Target)
* Product family: zynq
* Target device:  xc7z010-clg400-1


================================================================
== Performance Estimates
================================================================
+ Timing: 
    * Summary: 
    +--------+----------+----------+------------+
    |  Clock |  Target  | Estimated| Uncertainty|
    +--------+----------+----------+------------+
    |ap_clk  |  10.00 ns|  6.712 ns|     2.70 ns|
    +--------+----------+----------+------------+

+ Latency: 
    * Summary: 
    +---------+---------+----------+----------+-----+-----+---------+
    |  Latency (cycles) |  Latency (absolute) |  Interval | Pipeline|
    |   min   |   max   |    min   |    max   | min | max |   Type  |
    +---------+---------+----------+----------+-----+-----+---------+
    |      137|      137|  1.370 us|  1.370 us|  138|  138|       no|
    +---------+---------+----------+----------+-----+-----+---------+

    + Detail: 
        * Instance: 
        +----------------------------------+-----------------------+---------+---------+----------+----------+-----+-----+---------+
        |                                  |                       |  Latency (cycles) |  Latency (absolute) |  Interval | Pipeline|
        |             Instance             |         Module        |   min   |   max   |    min   |    max   | min | max |   Type  |
        +----------------------------------+-----------------------+---------+---------+----------+----------+-----+-----+---------+
        |grp_fir_Pipeline_MAC_Loop_fu_112  |fir_Pipeline_MAC_Loop  |      133|      133|  1.330 us|  1.330 us|  133|  133|       no|
        +----------------------------------+-----------------------+---------+---------+----------+----------+-----+-----+---------+

        * Loop: 
        N/A



================================================================
== Utilization Estimates
================================================================
* Summary: 
+-----------------+---------+----+-------+-------+-----+
|       Name      | BRAM_18K| DSP|   FF  |  LUT  | URAM|
+-----------------+---------+----+-------+-------+-----+
|DSP              |        -|   -|      -|      -|    -|
|Expression       |        -|   -|      0|     16|    -|
|FIFO             |        -|   -|      -|      -|    -|
|Instance         |        0|   1|    114|    141|    -|
|Memory           |        1|   -|      0|      0|    0|
|Multiplexer      |        -|   -|      -|     77|    -|
|Register         |        -|   -|     39|      -|    -|
+-----------------+---------+----+-------+-------+-----+
|Total            |        1|   1|    153|    234|    0|
+-----------------+---------+----+-------+-------+-----+
|Available        |      120|  80|  35200|  17600|    0|
+-----------------+---------+----+-------+-------+-----+
|Utilization (%)  |       ~0|   1|     ~0|      1|    0|
+-----------------+---------+----+-------+-------+-----+

+ Detail: 
    * Instance: 
    +----------------------------------+-----------------------+---------+----+-----+-----+-----+
    |             Instance             |         Module        | BRAM_18K| DSP|  FF | LUT | URAM|
    +----------------------------------+-----------------------+---------+----+-----+-----+-----+
    |grp_fir_Pipeline_MAC_Loop_fu_112  |fir_Pipeline_MAC_Loop  |        0|   1|  114|  141|    0|
    +----------------------------------+-----------------------+---------+----+-----+-----+-----+
    |Total                             |                       |        0|   1|  114|  141|    0|
    +----------------------------------+-----------------------+---------+----+-----+-----+-----+

    * DSP: 
    N/A

    * Memory: 
    +-------------+-------------------------+---------+---+----+-----+------+-----+------+-------------+
    |    Memory   |          Module         | BRAM_18K| FF| LUT| URAM| Words| Bits| Banks| W*Bits*Banks|
    +-------------+-------------------------+---------+---+----+-----+------+-----+------+-------------+
    |shift_reg_U  |shift_reg_RAM_AUTO_1R1W  |        1|  0|   0|    0|   128|   16|     1|         2048|
    +-------------+-------------------------+---------+---+----+-----+------+-----+------+-------------+
    |Total        |                         |        1|  0|   0|    0|   128|   16|     1|         2048|
    +-------------+-------------------------+---------+---+----+-----+------+-----+------+-------------+

    * FIFO: 
    N/A

    * Expression: 
    +--------------------+----------+----+---+----+------------+------------+
    |    Variable Name   | Operation| DSP| FF| LUT| Bitwidth P0| Bitwidth P1|
    +--------------------+----------+----+---+----+------------+------------+
    |add_ln34_fu_144_p2  |         +|   0|  0|  14|           7|           1|
    |ap_block_state5     |        or|   0|  0|   2|           1|           1|
    +--------------------+----------+----+---+----+------------+------------+
    |Total               |          |   0|  0|  16|           8|           2|
    +--------------------+----------+----+---+----+------------+------------+

    * Multiplexer: 
    +--------------------+----+-----------+-----+-----------+
    |        Name        | LUT| Input Size| Bits| Total Bits|
    +--------------------+----+-----------+-----+-----------+
    |ap_NS_fsm           |  31|          6|    1|          6|
    |shift_reg_address0  |  14|          3|    7|         21|
    |shift_reg_ce0       |  14|          3|    1|          3|
    |x_TDATA_blk_n       |   9|          2|    1|          2|
    |y_TDATA_blk_n       |   9|          2|    1|          2|
    +--------------------+----+-----------+-----+-----------+
    |Total               |  77|         16|   11|         34|
    +--------------------+----+-----------+-----+-----------+

    * Register: 
    +-----------------------------------------------+----+----+-----+-----------+
    |                      Name                     | FF | LUT| Bits| Const Bits|
    +-----------------------------------------------+----+----+-----+-----------+
    |acc_loc_fu_66                                  |  16|   0|   16|          0|
    |ap_CS_fsm                                      |   5|   0|    5|          0|
    |grp_fir_Pipeline_MAC_Loop_fu_112_ap_start_reg  |   1|   0|    1|          0|
    |in_sample_keep_reg_166                         |   2|   0|    2|          0|
    |in_sample_last_reg_171                         |   1|   0|    1|          0|
    |ptr                                            |   7|   0|    7|          0|
    |ptr_load_reg_176                               |   7|   0|    7|          0|
    +-----------------------------------------------+----+----+-----+-----------+
    |Total                                          |  39|   0|   39|          0|
    +-----------------------------------------------+----+----+-----+-----------+



================================================================
== Interface
================================================================
* Summary: 
+----------+-----+-----+--------------+--------------+--------------+
| RTL Ports| Dir | Bits|   Protocol   | Source Object|    C Type    |
+----------+-----+-----+--------------+--------------+--------------+
|ap_clk    |   in|    1|  ap_ctrl_none|           fir|  return value|
|ap_rst_n  |   in|    1|  ap_ctrl_none|           fir|  return value|
|y_TDATA   |  out|   16|          axis|    y_V_data_V|       pointer|
|y_TVALID  |  out|    1|          axis|    y_V_last_V|       pointer|
|y_TREADY  |   in|    1|          axis|    y_V_last_V|       pointer|
|y_TLAST   |  out|    1|          axis|    y_V_last_V|       pointer|
|y_TKEEP   |  out|    2|          axis|    y_V_keep_V|       pointer|
|y_TSTRB   |  out|    2|          axis|    y_V_strb_V|       pointer|
|x_TDATA   |   in|   16|          axis|    x_V_data_V|       pointer|
|x_TVALID  |   in|    1|          axis|    x_V_last_V|       pointer|
|x_TREADY  |  out|    1|          axis|    x_V_last_V|       pointer|
|x_TLAST   |   in|    1|          axis|    x_V_last_V|       pointer|
|x_TKEEP   |   in|    2|          axis|    x_V_keep_V|       pointer|
|x_TSTRB   |   in|    2|          axis|    x_V_strb_V|       pointer|
+----------+-----+-----+--------------+--------------+--------------+

