

================================================================
== Vitis HLS Report for 'fir_Pipeline_VITIS_LOOP_13_1'
================================================================
* Date:           Thu May 14 01:34:12 2026

* Version:        2023.2 (Build 4023990 on Oct 11 2023)
* Project:        fir128
* Solution:       solution1 (Vivado IP Flow Target)
* Product family: zynq
* Target device:  xc7z010-clg225-1


================================================================
== Performance Estimates
================================================================
+ Timing: 
    * Summary: 
    +--------+---------+----------+------------+
    |  Clock |  Target | Estimated| Uncertainty|
    +--------+---------+----------+------------+
    |ap_clk  |  8.00 ns|  6.508 ns|     1.00 ns|
    +--------+---------+----------+------------+

+ Latency: 
    * Summary: 
    +---------+---------+----------+----------+-----+-----+---------+
    |  Latency (cycles) |  Latency (absolute) |  Interval | Pipeline|
    |   min   |   max   |    min   |    max   | min | max |   Type  |
    +---------+---------+----------+----------+-----+-----+---------+
    |      130|      130|  1.040 us|  1.040 us|  130|  130|       no|
    +---------+---------+----------+----------+-----+-----+---------+

    + Detail: 
        * Instance: 
        N/A

        * Loop: 
        +-------------------+---------+---------+----------+-----------+-----------+------+----------+
        |                   |  Latency (cycles) | Iteration|  Initiation Interval  | Trip |          |
        |     Loop Name     |   min   |   max   |  Latency |  achieved |   target  | Count| Pipelined|
        +-------------------+---------+---------+----------+-----------+-----------+------+----------+
        |- VITIS_LOOP_13_1  |      128|      128|         2|          1|          1|   128|       yes|
        +-------------------+---------+---------+----------+-----------+-----------+------+----------+



================================================================
== Utilization Estimates
================================================================
* Summary: 
+-----------------+---------+----+-------+-------+-----+
|       Name      | BRAM_18K| DSP|   FF  |  LUT  | URAM|
+-----------------+---------+----+-------+-------+-----+
|DSP              |        -|   -|      -|      -|    -|
|Expression       |        -|   -|      0|     31|    -|
|FIFO             |        -|   -|      -|      -|    -|
|Instance         |        -|   -|      -|      -|    -|
|Memory           |        -|   -|      -|      -|    -|
|Multiplexer      |        -|   -|      -|     36|    -|
|Register         |        -|   -|     18|      -|    -|
+-----------------+---------+----+-------+-------+-----+
|Total            |        0|   0|     18|     67|    0|
+-----------------+---------+----+-------+-------+-----+
|Available        |      120|  80|  35200|  17600|    0|
+-----------------+---------+----+-------+-------+-----+
|Utilization (%)  |        0|   0|     ~0|     ~0|    0|
+-----------------+---------+----+-------+-------+-----+

+ Detail: 
    * Instance: 
    N/A

    * DSP: 
    N/A

    * Memory: 
    N/A

    * FIFO: 
    N/A

    * Expression: 
    +---------------------+----------+----+---+----+------------+------------+
    |    Variable Name    | Operation| DSP| FF| LUT| Bitwidth P0| Bitwidth P1|
    +---------------------+----------+----+---+----+------------+------------+
    |add_ln13_fu_107_p2   |         +|   0|  0|  15|           8|           1|
    |icmp_ln13_fu_101_p2  |      icmp|   0|  0|  14|           8|           9|
    |ap_enable_pp0        |       xor|   0|  0|   2|           1|           2|
    +---------------------+----------+----+---+----+------------+------------+
    |Total                |          |   0|  0|  31|          17|          12|
    +---------------------+----------+----+---+----+------------+------------+

    * Multiplexer: 
    +-------------------------+----+-----------+-----+-----------+
    |           Name          | LUT| Input Size| Bits| Total Bits|
    +-------------------------+----+-----------+-----+-----------+
    |ap_done_int              |   9|          2|    1|          2|
    |ap_enable_reg_pp0_iter1  |   9|          2|    1|          2|
    |ap_sig_allocacmp_i_1     |   9|          2|    8|         16|
    |i_fu_48                  |   9|          2|    8|         16|
    +-------------------------+----+-----------+-----+-----------+
    |Total                    |  36|          8|   18|         36|
    +-------------------------+----+-----------+-----+-----------+

    * Register: 
    +-------------------------+---+----+-----+-----------+
    |           Name          | FF| LUT| Bits| Const Bits|
    +-------------------------+---+----+-----+-----------+
    |ap_CS_fsm                |  1|   0|    1|          0|
    |ap_done_reg              |  1|   0|    1|          0|
    |ap_enable_reg_pp0_iter1  |  1|   0|    1|          0|
    |i_fu_48                  |  8|   0|    8|          0|
    |lshr_ln_reg_156          |  6|   0|    6|          0|
    |trunc_ln13_reg_152       |  1|   0|    1|          0|
    +-------------------------+---+----+-----+-----------+
    |Total                    | 18|   0|   18|          0|
    +-------------------------+---+----+-----+-----------+



================================================================
== Interface
================================================================
* Summary: 
+-----------------+-----+-----+------------+------------------------------+--------------+
|    RTL Ports    | Dir | Bits|  Protocol  |         Source Object        |    C Type    |
+-----------------+-----+-----+------------+------------------------------+--------------+
|ap_clk           |   in|    1|  ap_ctrl_hs|  fir_Pipeline_VITIS_LOOP_13_1|  return value|
|ap_rst           |   in|    1|  ap_ctrl_hs|  fir_Pipeline_VITIS_LOOP_13_1|  return value|
|ap_start         |   in|    1|  ap_ctrl_hs|  fir_Pipeline_VITIS_LOOP_13_1|  return value|
|ap_done          |  out|    1|  ap_ctrl_hs|  fir_Pipeline_VITIS_LOOP_13_1|  return value|
|ap_idle          |  out|    1|  ap_ctrl_hs|  fir_Pipeline_VITIS_LOOP_13_1|  return value|
|ap_ready         |  out|    1|  ap_ctrl_hs|  fir_Pipeline_VITIS_LOOP_13_1|  return value|
|c_1_address0     |  out|    6|   ap_memory|                           c_1|         array|
|c_1_ce0          |  out|    1|   ap_memory|                           c_1|         array|
|c_1_we0          |  out|    1|   ap_memory|                           c_1|         array|
|c_1_d0           |  out|   16|   ap_memory|                           c_1|         array|
|c_address0       |  out|    6|   ap_memory|                             c|         array|
|c_ce0            |  out|    1|   ap_memory|                             c|         array|
|c_we0            |  out|    1|   ap_memory|                             c|         array|
|c_d0             |  out|   16|   ap_memory|                             c|         array|
|coeffs_address0  |  out|    7|   ap_memory|                        coeffs|         array|
|coeffs_ce0       |  out|    1|   ap_memory|                        coeffs|         array|
|coeffs_q0        |   in|   16|   ap_memory|                        coeffs|         array|
+-----------------+-----+-----+------------+------------------------------+--------------+

